
 Start  Stop   Length Name                   Class
 00000H 002A1H 002A2H STDIO_TEXT             CODE
 002A2H 00506H 00265H _TEXT                  CODE
 00508H 00593H 0008CH STDIOA_TEXT            CODE
 00594H 005F9H 00066H SCIFGETS_TEXT          CODE
 005FAH 00A0BH 00412H STRING_TEXT            CODE
 00A0CH 00B61H 00156H STDLIB_TEXT            CODE
 00B62H 00C35H 000D4H CTYPE_TEXT             CODE
 00C36H 0159DH 00968H WINDOW_TEXT            CODE
 0159EH 01B05H 00568H CONFIG_TEXT            CODE
 01B06H 01EE7H 003E2H EVENT_TEXT             CODE
 01EE8H 023D9H 004F2H SCRIPT_TEXT            CODE
 023DAH 026B1H 002D8H LIST_TEXT              CODE
 026B2H 02DE5H 00734H ALTRES_TEXT            CODE
 02DE6H 041DFH 013FAH ANIMATE_TEXT           CODE
 041E0H 04389H 001AAH ARMA_TEXT              CODE
 0438AH 0445DH 000D4H MA_TEXT                CODE
 0445EH 04519H 000BCH RESTART_TEXT           CODE
 0451AH 05419H 00F00H SOUND_TEXT             CODE
 0541AH 05C67H 0084EH MOTION_TEXT            CODE
 05C68H 05DF5H 0018EH FLIST_TEXT             CODE
 05DF6H 0673FH 0094AH SAVEGAME_TEXT          CODE
 06740H 09BFFH 034C0H GETPATH_TEXT           CODE
 09C00H 0BD03H 02104H MI_TEXT                CODE
 0BD04H 0BE71H 0016EH FARDATA_TEXT           CODE
 0BE72H 0C79BH 0092AH MESSAGE_TEXT           CODE
 0C79CH 0CADDH 00342H TRIG_TEXT              CODE
 0CADEH 0D86DH 00D90H AUDIO_TEXT             CODE
 0D86EH 0D8CBH 0005EH A_TEXT                 CODE
 0D8CCH 0E00BH 00740H SYNC_TEXT              CODE
 0E00CH 0E54DH 00542H ERRMSG_TEXT            CODE
 0E54EH 0E577H 0002AH PLATFORM_TEXT          CODE
 0E578H 0E578H 00000H INFO_TEXT              CODE
 0E578H 0E825H 002AEH SCALE_TEXT             CODE
 0E826H 0E964H 0013FH MO_TEXT                CODE
 0E966H 0EAC6H 00161H E_TEXT                 CODE
 0EAC8H 0EBA3H 000DCH EVENTA_TEXT            CODE
 0EBA4H 0ED0FH 0016CH EXTM_TEXT              CODE
 0ED10H 0F777H 00A68H DIALOG_TEXT            CODE
 0F778H 0FA0EH 00297H FILE_TEXT              CODE
 0FA10H 0FADBH 000CCH INTRPT_TEXT            CODE
 0FADCH 0FD7FH 002A4H INTA_TEXT              CODE
 0FD80H 0FDDBH 0005CH LANGUAGE_TEXT          CODE
 0FDDCH 0FE1DH 00042H MOUSE_TEXT             CODE
 0FE1EH 0FF85H 00168H X_TEXT                 CODE
 0FF86H 101A6H 00221H MOUSEA_TEXT            CODE
 101A8H 10BEDH 00A46H PICTURE_TEXT           CODE
 10BEEH 1118CH 0059FH GRA_TEXT               CODE
 1118EH 1286BH 016DEH GRAPH2_TEXT            CODE
 1286CH 1332EH 00AC3H CE_TEXT                CODE
 13330H 13553H 00224H RESNAME_TEXT           CODE
 13554H 140DBH 00B88H PALETTE_TEXT           CODE
 140DCH 142C3H 001E8H PK_TEXT                CODE
 142C4H 146EBH 00428H MOVIE_TEXT             CODE
 146ECH 148DBH 001F0H OBJECT_TEXT            CODE
 148DCH 14A79H 0019EH START_TEXT             CODE
 14A7AH 14B38H 000BFH STARTA_TEXT            CODE
 14B3AH 1764DH 02B14H DEBUG_TEXT             CODE
 1764EH 17709H 000BCH PMACHINE_TEXT          CODE
 1770AH 1969FH 01F96H PM_TEXT                CODE
 196A0H 19A2DH 0038EH DOS_TEXT               CODE
 19A2EH 1A4D1H 00AA4H RESOURCE_TEXT          CODE
 1A4D2H 1A9EFH 0051EH SCI_TEXT               CODE
 1A9F0H 1A9F0H 00000H KERNDI_TEXT            CODE
 1A9F0H 1DB99H 031AAH KERNEL_TEXT            CODE
 1DB9AH 1E42BH 00892H TEXT_TEXT              CODE
 1E42CH 1EB6DH 00742H VOLLOAD_TEXT           CODE
 1EB6EH 1FC4BH 010DEH MENU_TEXT              CODE
 1FC4CH 2048BH 00840H MEMM_TEXT              CODE
 2048CH 2161FH 01194H PK_TEXT                CODE
 21620H 2425FH 02C40H _DATA                  DATA
 24260H 24371H 00112H KNamePtrs              DATA
 24372H 2485DH 004ECH KNames                 DATA
 2485EH 248B3H 00056H CONST                  CONST
 248B4H 253E3H 00B30H _BSS                   BSS
 253F0H 262D7H 00EE8H c_common               BSS
 262E0H 262E0H 00000H ENDDATA                STACK
 262E0H 2675FH 00480H STACK                  STACK

 Origin   Group
 2162:0   DGROUP

  Address         Publics by Name

 2048:0D0D       EXPLODE
 2048:04CB       IMPLODE
 0438:00CF       _abs
 2162:369E       _acc
 023D:0050       _AddAfter
 023D:00AA       _AddBefore
 1333:0112       _addSlash
 023D:01C2       _AddToEnd
 023D:0106       _AddToFront
 02DE:098C       _AddToPic
 2162:02DC       _alertProc
 026B:005C       _AltResMemAlloc
 026B:057C       _AltResMemDebugKey
 026B:03FC       _AltResMemDebugPrefix
 026B:0418       _AltResMemDebugSummary
 026B:03D4       _AltResMemFree
 026B:0002       _AltResMemInit
 026B:00E0       _AltResMemRead
 026B:05DE       _AltResMemTerm
 026B:01C2       _AltResMemWrite
 02DE:0006       _Animate
 2162:0E2C       _argc
 14B3:01D8       _ArgNameRead
 2162:0E18       _argv
 041E:0036       _ARMAlloc
 041E:0000       _ARMAllocPageMap
 041E:00A9       _ARMCopy
 041E:0151       _ARMCritical
 041E:0116       _ARMFree
 041E:0155       _ARMFreePageMap
 041E:0141       _ARMMemAvail
 2162:00C8       _armTypes
 1286:0987       _AssertViewPalette
 0C79:0155       _ATan
 00A0:000C       _atoi
 2162:02A2       _audARMHandle
 0CAD:0BAE       _AudARMInit
 2162:02A0       _audARMPtr
 0CAD:0BEC       _AudARMRead
 2162:4C58       _audARMROffset
 0CAD:0BDB       _AudARMTerm
 2162:4C7A       _audARMType
 2162:4C60       _audARMWOffset
 0CAD:0C59       _AudARMWrite
 2162:007E       _audBuffKSize
 2162:0290       _audFd
 2162:0082       _audioDMA
 2162:4CB6       _audioDriver
 0D86:000F       _AudioDrv
 2162:0296       _audioDrv
 2162:0080       _audioIRQ
 0CAD:07AE       _AudioLoc
 0CAD:0763       _AudioPause
 0CAD:0743       _AudioPlay
 0CAD:07C8       _AudioRate
 2162:028E       _audioRdy
 0CAD:0797       _AudioResume
 0D86:0028       _AudioServer
 0CAD:0753       _AudioStop
 0CAD:07E8       _AudioVol
 0CAD:0733       _AudioWPlay
 2162:3DD0       _audNone
 2162:4C98       _audQcnt
 2162:029E       _audQndx
 2162:4C36       _audVolDrive
 2162:0292       _audVolFd
 2162:04CE       _baseTable
 2162:04BE       _bounds
 0FAD:01A2       _BreakExitHandler
 1A9F:285D       _bsort
 262E:0000       _bssEnd
 2162:3B66       _bssStart
 1286:0089       _BuildLine
 1286:00F8       _BuildMirroredLine
 2162:040E       _buttonState
 2162:4ACE       _bytesBuffered
 0D86:0053       _CDAudioDrv
 2162:0298       _cdaudioDrv
 0CAD:060E       _CDAudioLoc
 0CAD:057A       _CDAudioPlay
 10BE:01A5       _CEndGraph
 00C3:07B0       _CenterRect
 09C0:09AA       _ChangePri
 0451:0E56       _ChangeSndState
 09C0:099A       _ChangeVol
 10BE:032C       _CharHeight
 14B3:0EDD       _CheckHunkUse
 2162:1718       _checkingLoadLinks
 14B3:2974       _CheckLoadLinks
 09C0:0121       _ChList
 09C0:1E01       _ChnlAfterTch
 10BE:00A1       _CInitGraph
 2162:36B2       _classTbl
 196A:0000       _CleanDir
 10BE:03E1       _ClearChar
 1118:0330       _ClearColor
 1118:0340       _ClearControl
 0050:0008       _ClearDosError
 1FC4:05D8       _ClearHandle
 1118:0F8A       _ClearPagedScreens
 1118:0338       _ClearPriority
 1FC4:019E       _ClearPtr
 1118:0133       _ClearScreen
 146E:000C       _Clone
 0050:007A       _close
 1118:144B       _ColorFade
 2162:3BE6       _commandLine
 2162:4ACA       _cond
 09C0:1EA3       _ControlChnl
 09C0:1CAD       _Controller
 19A2:0A0E       _ConvBase36
 101A:03FC       _CoordPri
 1FC4:07EA       _CopyHandle
 1355:0004       _CopyNew2OldPalette
 1286:0A92       _CopyPage
 0050:0016       _creat
 0FAD:01AD       _CritErrorHandler
 2162:03FE       _criticalError
 1FC4:07A9       _CriticalHandle
 10BE:04AF       _CSectRect
 0FDD:0035       _CurMouse
 2162:3DDA       _currentPage
 2162:36DA       _currentVideoMode
 2162:4C7E       _cursorData
 2162:468E       _dataInfo
 2162:4ACC       _dcompBuffer
 14B3:0366       _Debug
 1770:044A       _DebugInit
 1770:04DB       _DebugOff
 1770:04A9       _DebugOn
 14B3:007D       _DebugWindow
 2162:0E3C       _debugWinX
 2162:0E3E       _debugWinY
 2162:0A4C       _decodeError
 2162:36B6       _defaultES
 023D:02B6       _DeleteKey
 023D:000A       _DeleteNode
 2162:0404       _diskIOCritical
 1770:000A       _Dispatch
 09C0:026E       _DispatchC
 2162:046C       _Display
 1286:0A28       _DisplayBlock
 01EE:02C9       _DisposeAllScripts
 146E:0077       _DisposeClone
 1FC4:0619       _DisposeHandle
 1FC4:0638       _DisposeHunk
 02DE:0C70       _DisposeLastCast
 0FF8:009B       _DisposeMouse
 1FC4:01B0       _DisposePtr
 01EE:02EB       _DisposeScript
 0FA1:0081       _DisposeServer
 1118:056B       _DLine
 1118:16E3       _DoAbsBrush
 1118:03C6       _DoAbsFill
 1118:03A2       _DoAbsLine
 0E00:016C       _DoAlert
 1118:0299       _DoBitMap
 1770:005E       _DoCall
 1118:029B       _DoCel
 09C0:17D1       _DoChangeVol
 09C0:0D52       _DoChannelList
 1118:04AE       _DoDot
 09C0:0CDE       _DoEnd
 09C0:1711       _DoFade
 1E42:033F       _DoLoad
 1118:16E6       _DoMedBrush
 1118:0375       _DoMedLine
 0E00:0155       _DoPanic
 1118:16DD       _DoShortBrush
 1118:0348       _DoShortLine
 09C0:0207       _DoSound
 09C0:18AD       _DoVolRequests
 0E82:0006       _DoXlate
 1286:0599       _DrawCel
 1286:0350       _DrawCelZ
 0ED1:0219       _DrawControl
 0ED1:003D       _DrawCursor
 1286:07AB       _DrawMagCursor
 1118:014F       _DrawPic
 1286:056E       _DrawPicCel
 1286:0250       _DrawSetup
 1DB9:060B       _DrawString
 0F77:026B       _drivecheck
 1286:020D       _EatLine
 0ED1:0121       _EditControl
 0ED1:083D       _EditText
 2162:0366       _ems
 0E96:0063       _EMSAlloc
 0E96:0006       _EMSDetect
 0E96:009D       _EMSFree
 0E96:0096       _EMSGetPageFrame
 0E96:007E       _EMSMapPage
 0CAD:0257       _EndAudio
 0CAD:06FB       _EndCDAudio
 1118:126B       _EndDisplay
 01B0:00DF       _EndEvent
 1118:0C92       _EndGraph
 09C0:08BD       _EndSound
 00C3:0073       _EndWindow
 0ED1:00B7       _EraseCursor
 01B0:02F5       _EventToObj
 2162:3684       _evHead
 2162:3688       _evQueue
 2162:368A       _evQueueEnd
 2162:3686       _evTail
 1770:0594       _ExecuteCode
 0F77:015F       _existdrive
 0F77:01E1       _Exists
 0F77:0137       _existsdriveAB
 148D:011E       _exit
 14A7:00BD       _ExitFromC
 196A:02CD       _ExitThroughDebug
 1118:12D8       _Expand
 2162:03CE       _extMem
 05C6:0089       _FAddToFront
 0451:0A87       _FadeSnd
 09C0:092F       _FadeSound
 1FC4:082C       _FarMemcpy
 1118:144C       _FastMatch
 05C6:00EE       _FDeleteNode
 05C6:002F       _FFirstNode
 0F77:007B       _filelength
 1118:078F       _Fill
 1FC4:05B1       _FillHandle
 1118:0B68       _FillLines
 1FC4:0185       _FillPtr
 1286:0A4E       _FillVideoPage
 0CAD:0AA4       _FindAud36Entry
 0CAD:0A1C       _FindAudEntry
 1E42:05E4       _FindDirEntry
 1E42:0652       _FindDirEntryMap
 023D:027C       _FindKey
 09C0:2008       _FindNode
 19A2:06B6       _FindPatchEntry
 19A2:0434       _FindResEntry
 2162:0E36       _findRet
 0D8C:0522       _FindSync36Entry
 0F77:00FF       _firstfile
 05C6:0008       _FIsFirstNode
 09C0:202A       _FixupHeader
 05C6:0039       _FLastNode
 0EAC:0022       _FlushKeyboard
 05C6:016E       _FMoveToFront
 05C6:0044       _FNextNode
 05C6:0067       _FPrevNode
 2162:4B52       _frameRate
 026B:071C       _Free32KEMS
 1FC4:0266       _FreeHeap
 1FC4:0737       _FreeHunk
 2162:3696       _freeList
 2162:3E42       _gameRestarted
 2162:1706       _gameStarted
 026B:06B4       _Get32KEMS
 1118:045D       _GetAbsXY
 0CAD:0BA0       _GetAudQCnt
 1118:03D9       _GetByte
 1286:0654       _GetCelHigh
 1286:000C       _GetCelPointer
 1286:06BB       _GetCelRect
 1286:0632       _GetCelWide
 1286:0675       _GetCelXOff
 1286:0698       _GetCelYOff
 1118:1248       _GetCLUT
 196A:02AC       _GetCurDevice
 10BE:053F       _GetCursorData
 0F77:00AB       _getcwd
 09C0:0A7E       _GetDataInc
 196A:0267       _GetDevice
 19A2:0A98       _GetDigit36
 1770:00B0       _GetDispatchAddr
 1770:00C4       _GetDispatchAddrInHeap
 1770:0096       _GetDispatchAddrInHeapFromC
 1770:0117       _GetDispatchAddrInHunk
 196A:02EB       _GetExecDir
 0BD0:0004       _GetFarData
 0BD0:00AC       _GetFarStr
 0BD0:00FB       _GetFarText
 10BE:019D       _GetFont
 1FC4:047B       _GetHandle
 1DB9:02E8       _GetHighest
 0FD8:0000       _GetLanguage
 1DB9:01A4       _GetLongest
 1118:042D       _GetMedXY
 0EAC:004B       _GetModifiers
 0E57:0202       _GetNewScaleFactors
 1770:0125       _GetNewScript
 1286:0730       _GetNumCels
 1286:071C       _GetNumLoops
 1118:0F80       _GetOutputPage
 0674:0000       _getpath
 10BE:0186       _GetPointSize
 1770:0233       _GetPropAddr
 1770:0188       _GetProperty
 19A2:047C       _GetResHandle
 05DF:04F3       _GetSaveLength
 1118:0F16       _GetSegment
 1118:03F0       _GetShortXY
 09C0:0A68       _GetSignal
 09C0:0A72       _GetSignalRset
 09C0:0A88       _GetSMPTE
 0451:02CA       _GetSoundResType
 10BE:0534       _GetTheRect
 0E57:0008       _get_line_incs
 2162:36A4       _globalVar
 2162:3DB0       _handleBase
 0EAC:0095       _HandleEvent
 1FC4:0768       _HandleLocked
 1FC4:074F       _HandleSize
 2162:0452       _haveMouse
 2162:3DAC       _heapAvail
 2162:3DAE       _heapBase
 2162:1D9A       _helpstr
 1118:04F3       _HLine
 0FF8:011A       _HndlMouse
 0451:0AC9       _HoldSnd
 09C0:0953       _HoldSound
 2162:3DAA       _hunkAvail
 1FC4:07CD       _hunkcpy
 2162:4C68       _id
 09C0:047C       _Init
 0CAD:000E       _InitAudioDriver
 0CAD:0628       _InitCDAudioDriver
 0ED1:0000       _InitDialog
 1118:125C       _InitDisplay
 0E00:000C       _InitErrMsgs
 01B0:0006       _InitEvent
 1118:0C0C       _InitGraph
 1FC4:0056       _InitHandle
 1FC4:000C       _InitHeap
 1FC4:007D       _InitMem
 1EB6:000E       _InitMenu
 1355:052A       _InitPalette
 19A2:071A       _InitPatches
 101A:0008       _InitPicture
 1E42:000C       _InitResource
 01EE:0008       _InitScripts
 0451:04B2       _InitSnd
 0451:000A       _InitSoundDriver
 00C3:0006       _InitWindow
 10BE:0492       _InRect
 1355:0A4D       _InsertPalette
 0FF8:0006       _InstallMouse
 0FA1:0000       _InstallServer
 1770:03FA       _InvokeMethod
 2162:369A       _ip
 2162:0E3A       _isDebugVersion
 00B6:0002       _islower
 146E:00B1       _IsObject
 005F:0262       _IsPrintStr
 00B6:004B       _isupper
 00A0:00CC       _itoa
 2162:4B5E       _joyDriver
 2162:491C       _joyHandle
 2162:4C76       _joystick
 0EAC:007B       _JoystickDriver
 1A9F:1B82       _KAbs
 1A9F:1ADD       _KAddAfter
 1EB6:0156       _KAddMenu
 1A9F:1B18       _KAddToEnd
 1A9F:1AFC       _KAddToFront
 1A9F:1901       _KAddToPic
 1A9F:074D       _KAnimate
 1A9F:0000       _KAssertPalette
 1A9F:0A1E       _KATan
 1A9F:20D3       _KAvoidPath
 0541:000A       _KBaseSetter
 2162:3DD8       _kbdDriver
 2162:4C62       _kbdHandle
 1A9F:13F7       _KCantBeHere
 0CAD:0511       _KCDAudio
 1A9F:13CE       _KCelHigh
 1A9F:13A5       _KCelWide
 196A:0031       _KCheckFreeSpace
 05DF:0426       _KCheckSaveGame
 1A9F:1BD0       _KClone
 1A9F:1F89       _KCoordPri
 1A9F:09EB       _KCosDiv
 1A9F:0985       _KCosMult
 1A9F:2F6B       _KDbugStr
 1A9F:1B4D       _KDeleteKey
 196A:01A7       _KDeviceInfo
 0541:00F4       _KDirLoop
 1A9F:0A3D       _KDisplay
 1A9F:1C1D       _KDisposeClone
 1A9F:19E7       _KDisposeList
 01EE:04DC       _KDisposeScript
 1A9F:16A3       _KDisposeWindow
 0CAD:02CE       _KDoAudio
 0541:0658       _KDoAvoider
 0541:0402       _KDoBresen
 0451:030B       _KDoSound
 0D8C:000C       _KDoSync
 1A9F:174D       _KDrawCel
 1A9F:16CE       _KDrawControl
 1EB6:038F       _KDrawMenuBar
 1A9F:059D       _KDrawPic
 1EB6:0054       _KDrawStatus
 1A9F:1F71       _KDummy
 1A9F:16FC       _KEditControl
 1A9F:1A8B       _KEmptyList
 2162:20A4       _kernelDispTbl
 2162:22C8       _kernelMax
 2162:2C40       _kernelNames
 2162:3F46       _keyboard
 0EAC:0038       _KeyboardDriver
 1A9F:25A1       _KFileIO
 1A9F:1B34       _KFindKey
 1A9F:1A56       _KFirstNode
 1A9F:2032       _KFlushResources
 1A9F:1D04       _KFormat
 0445:00AB       _KGameIsRestarting
 1A9F:0870       _KGetAngle
 1A9F:1F72       _KGetCWD
 1A9F:08A5       _KGetDistance
 1A9F:0D3B       _KGetEvent
 0BD0:00E0       _KGetFarText
 1EB6:0469       _KGetMenu
 1A9F:1558       _KGetPort
 05DF:041F       _KGetSaveDir
 05DF:07B3       _KGetSaveFiles
 1A9F:1226       _KGetTime
 1A9F:1715       _KGlobalToLocal
 1118:0F94       _KGraph
 1A9F:0D34       _KHaveMouse
 1A9F:16E9       _KHiliteControl
 0451:0141       _KillAllSounds
 1118:150B       _KillPalServer
 0451:061C       _KillSnd
 0541:01A8       _KInitBresen
 14B3:0E1A       _KInspectObj
 1A9F:135C       _KIsItSkip
 1A9F:1E3A       _KIsObject
 01B0:03AB       _KJoystick
 1A9F:1A70       _KLastNode
 1A9F:23F2       _KListOps
 1A9F:00E6       _KLoad
 1A9F:1731       _KLocalToGlobal
 1A9F:01F0       _KLock
 01B0:02A1       _KMapKeyToDir
 1A9F:24F6       _KMemory
 1A9F:1C30       _KMemoryInfo
 1A9F:2050       _KMemorySegment
 1EB6:04E8       _KMenuSelect
 1A9F:22BD       _KMergePoly
 0BE7:0002       _KMessage
 1A9F:19BB       _KNewList
 1A9F:1A2A       _KNewNode
 1A9F:1605       _KNewWindow
 1A9F:1AAB       _KNextNode
 1A9F:1ACC       _KNodeValue
 1A9F:1280       _KNumCels
 1A9F:1248       _KNumLoops
 1A9F:14EC       _KOnControl
 1355:058F       _KPalette
 1A9F:2A11       _KPalVary
 1A9F:06CD       _KPicNotValid
 0E54:000E       _KPlatform
 1A9F:1190       _KPlayBack
 1A9F:1ABB       _KPrevNode
 14B3:248B       _KProfiler
 1A9F:191A       _KRandom
 1A9F:1BBA       _KReadNumber
 1A9F:0FD1       _KRecord
 1A9F:2F7F       _KRemapColors
 1A9F:002B       _KResCheck
 1A9F:1E50       _KRespondsTo
 0445:000E       _KRestartGame
 05DF:01A8       _KRestoreGame
 05DF:0051       _KSaveGame
 1A9F:1C95       _KScriptID
 1A9F:025C       _KSetCursor
 14B3:02BF       _KSetDebug
 0541:065A       _KSetJump
 1EB6:03A0       _KSetMenu
 1A9F:12C8       _KSetNowSeen
 1A9F:1571       _KSetPort
 1A9F:2F50       _KSetQuitStr
 1A9F:2E48       _KSetVideoMode
 1A9F:1FB7       _KShakeScreen
 1A9F:2013       _KShiftScreen
 1A9F:06E6       _KShow
 14B3:0DD9       _KShowFree
 1A9F:2D85       _KShowMovie
 14B3:0A79       _KShowSends
 1A9F:09B8       _KSinDiv
 1A9F:0952       _KSinMult
 1A9F:28CE       _KSort
 1A9F:1B98       _KSqrt
 1770:048D       _KStackUsage
 1A9F:1FDF       _KStrAt
 1A9F:1F57       _KStrCat
 1A9F:1E69       _KStrCmp
 1A9F:1EB3       _KStrCpy
 1A9F:1F32       _KStrEnd
 1A9F:1E9D       _KStrLen
 1DB9:000A       _KTextColors
 1DB9:0046       _KTextFonts
 1A9F:071F       _KTextSize
 1A9F:01A0       _KUnLoad
 196A:00DE       _KValidPath
 1A9F:1CB8       _KWait
 2162:040A       _language
 1FC4:0702       _LargestHandle
 1FC4:0245       _LargestPtr
 2162:36BE       _lastCast
 2162:4B4E       _lastSp
 2162:4B64       _lastTextColor
 2162:4C7D       _lastTextFont
 0438:0076       _LCGRandom
 2162:010C       _lcgSeed
 1118:0738       _Line
 1118:108D       _LoadBits
 142C:03F3       _LoadCelCount
 146E:019E       _LoadClassTbl
 142C:01AF       _LoadFrame
 19A2:0550       _LoadHandle
 2162:4C54       _loadList
 2162:22CA       _loadLow
 142C:0362       _LoadMoviePalette
 146E:0154       _LoadPropOffsets
 1E42:015E       _LoadResMap
 01EE:003B       _LoadScript
 2162:36A6       _localVar
 1FC4:077F       _LockHandle
 14A7:0094       _longjmp
 2162:4B5A       _loop
 2162:4CAE       _lowData
 2162:4C5A       _lowDataSize
 002A:0002       _lseek
 2162:22CC       _magCursorFlag
 2162:4C6E       _magPicNum
 1A4D:0002       _main
 148D:000C       _MakeCommandLineArgs
 2162:034E       _makeComment
 2162:0314       _makeDate
 05DF:002D       _MakeDirName
 05DF:0006       _MakeFileName
 2162:0332       _makeLocation
 19A2:0974       _MakeName36
 01B0:027B       _MakeNullEvent
 2162:032A       _maker
 2162:0320       _makeTime
 01B0:02DE       _MapKeyToDir
 09C0:0588       _MasterVol
 2162:0086       _maxHunkUsed
 1FC4:02BB       _memcpy
 2162:3E44       _memorySegment
 2162:4C6C       _menuPort
 2162:4668       _menuPortStruc
 0674:13A0       _MergePolygons
 1770:03EB       _Messager
 0451:0D5B       _MidiSend
 2162:0084       _minHunkSize
 2162:0A4A       _mirrored
 2162:4B46       _module
 0E82:00DE       _MonoClear
 0E82:00B8       _MonoInit
 0E82:00F7       _MonoNewline
 0E82:0116       _MonoScroll
 0E82:0024       _MonoStr
 2162:040C       _mouseIsDebug
 2162:0456       _mouseX
 2162:0454       _mouseY
 1118:127C       _MoveCursor
 10BE:0472       _MoveRect
 023D:0220       _MoveToEnd
 023D:0162       _MoveToFront
 2162:4B5C       _movieDir
 2162:4CB2       _movieOn
 09C0:095D       _MuteSound
 0F77:0253       _MyCritErrorHandler
 1FC4:0592       _NeedHandle
 1FC4:013F       _NeedPtr
 1770:014F       _NeedRetOpcode
 2162:36D6       _newPalette
 2162:4B4C       _newRect
 2162:4CB4       _newRoomNum
 0F77:011E       _nextfile
 0D8C:0619       _NextSync
 2162:22CE       _noShowBits
 09C0:1BBC       _NoteOff
 09C0:1C0A       _NoteOn
 2162:4B60       _noun
 0FAD:01A1       _NullInterrupt
 2162:065E       _NumberColors
 2162:36B4       _numClasses
 2162:0E32       _numHandles
 2162:36AE       _object
 2162:06F6       _objectOffset
 2162:4AD4       _objOfs
 01B0:0350       _ObjToEvent
 10BE:0447       _OffsetPoint
 1118:16E9       _OldSetPalette
 1118:1184       _OnControl
 148D:00F8       _onexit
 0050:002E       _open
 2162:1EA4       _opTbl
 1FC4:03C5       _PackHandles
 2162:4664       _pageStatus
 1118:16C6       _PaletteCheck
 2162:36CA       _paletteDir
 2162:4B56       _paletteHandle
 2162:36C8       _palettePercent
 2162:36D0       _paletteRes
 1118:14FE       _PaletteServer
 1118:14CC       _PaletteShell
 2162:36CE       _paletteStop
 2162:36CC       _paletteTime
 1118:151F       _PaletteUpdate
 1355:0AF9       _PalMatch
 2162:36D8       _palServerSignal
 2162:22D0       _palStamp
 2162:36C6       _palVaryOn
 2162:36C7       _palVaryPause
 0E00:00DB       _Panic
 0E00:034C       _PanicMsgOutput
 2162:3C66       _panicStr
 2162:36AA       _parmVar
 09C0:1978       _ParseNode
 2162:3F4A       _patchDir
 09C0:045E       _PatchReq
 0451:0A48       _PauseSnd
 09C0:08C7       _PauseSound
 2162:066A       _pcSeg
 2162:3DD6       _pCursorNum
 10BE:014A       _PenColor
 14B3:0C5C       _PError
 2162:0466       _picNotValid
 2162:045E       _picRect
 2162:4C74       _picWind
 09C0:1E25       _PitchBend
 140D:000C       _pkExplode
 140D:0058       _pkImplode
 140D:00C3       _pkImplode2Mem
 2162:4C5C       _playbackCnt
 2162:029C       _playingNum
 09C0:0000       _PlayList
 2162:029A       _playPtr
 0451:0671       _PlaySnd
 09C0:05EA       _PlaySound
 1764:000E       _PMachine
 2162:1708       _pmCode
 2162:170A       _pmCodeSegment
 2162:369C       _pmsp
 1118:128E       _PointToCel
 0EAC:0059       _PollJoystick
 0EAC:0008       _PollKeyboard
 09C0:1C7C       _PolyAfterTch
 101A:044C       _PriBands
 101A:0416       _PriCoord
 2162:4B62       _proBuffer
 2162:4C80       _proBufSize
 09C0:04C0       _ProcessSounds
 09C0:1DAF       _ProgramChange
 2162:4C66       _proIndex
 2162:4B48       _proOn
 2162:0E2E       _pspSeg
 2162:36A0       _pStack
 2162:36A2       _pStackEnd
 0674:216C       _ptIntr
 1FC4:0290       _PtrSize
 19A2:03A0       _PurgeLast
 0000:0000       _puts
 0D8C:01A2       _QueueSync
 0D8C:039A       _QueueSync36
 1770:0283       _QuickMessage
 2162:3B66       _quitStr
 0E00:009B       _RAlert
 10BE:0159       _RBackColor
 00C3:0084       _RBeginUpdate
 10BE:02F9       _RCharWidth
 00C3:0873       _RCopyRect
 1770:045A       _RDebugger
 00C3:069B       _RDisposeWindow
 10BE:0360       _RDrawChar
 1DB9:0661       _RDrawText
 00C3:04A1       _RDrawWindow
 0050:0046       _read
 0159:000E       _ReadConfigFile
 0F77:0025       _ReadDos
 0E00:02BA       _ReadErrMsg
 0F77:0008       _readfar
 1FC4:06B8       _ReallocateHandle
 1FC4:020C       _ReallocatePtr
 02DE:128E       _ReAnimate
 2162:4698       _recordCnt
 2162:4B42       _recordFd
 2162:468A       _recordOfs
 2162:4C2E       _recordRoom
 2162:22D2       _recordState
 2162:4C30       _recordX
 2162:4C32       _recordY
 2162:4B50       _rectIndex
 01EE:00BE       _ReloadScript
 1FC4:02DF       _RelocateHunk
 1355:0171       _RemapByPercent
 2162:0A48       _remapDepth
 2162:0A44       _remapOn
 2162:0D6C       _remapPercent
 2162:0D70       _remapPercentGray
 2162:0704       _remapTable
 1355:0202       _RemapToGray
 1355:02BB       _RemapToPercentGray
 00C3:0851       _REmptyRect
 0F77:028A       _rename
 00C3:00CB       _REndUpdate
 10BE:0204       _REraseRect
 1E42:01D3       _ResCheck
 1E42:0261       _ResCheck36
 0F77:01A0       _ResetDisk
 01EE:03AC       _ResetHunk
 0FAD:006F       _ResetInterrupts
 0FAD:00E1       _ResetTimerInt
 19A2:000E       _ResLoad
 19A2:02FC       _ResLock
 1333:0094       _ResName
 1333:0000       _ResNameMake
 1333:002A       _ResNameMakeWildCard
 1333:0051       _ResNameMatch
 2162:171A       _resourceCursorType
 14B3:248E       _Resources
 146E:00D2       _RespondsTo
 2162:36AC       _restArgs
 2162:4C38       _restartBuf
 1FC4:02A5       _RestartHeap
 0451:01EF       _RestoreAllSounds
 1118:0DF7       _RestoreBits
 09C0:04E4       _RestoreSound
 2162:36DD       _restrict
 2162:36DB       _restrictRecPtr
 2162:0B52       _resTypes
 19A2:0236       _ResUnLoad
 1FC4:05EA       _ReturnHandle
 01B0:01B9       _REventAvail
 2162:36C4       _reverbDefault
 005F:01F8       _reverse
 1118:000E       _RFillRect
 01B0:0192       _RFlushEvents
 00C3:072B       _RFrameRect
 00C3:0192       _RFrontWindow
 0F77:01A5       _RGetFreeSpace
 0FDD:000C       _RGetMouse
 01B0:0114       _RGetNextEvent
 10BE:00F0       _RGetPort
 00C3:0080       _RGetWmgrPort
 0ED1:0779       _RGlobalToLocal
 1118:1077       _RHideCursor
 0ED1:01C1       _RHiliteControl
 10BE:0453       _RInsetRect
 10BE:01B7       _RInvertRect
 1286:090F       _RIsItSkip
 0ED1:0799       _RLocalToGlobal
 10BE:0135       _RMove
 10BE:0120       _RMoveTo
 1FC4:04B7       _RNewHandle
 1FC4:00C6       _RNewPtr
 00C3:01FB       _RNewWindow
 10BE:041C       _ROffsetRect
 10BE:003D       _ROpenPort
 1333:00A5       _ROpenResFile
 10BE:01E5       _RPaintRect
 10BE:0168       _RPenMode
 01B0:0235       _RPostEvent
 00C3:0916       _RPtInRect
 00C3:094D       _RPtToAngle
 10BE:04CC       _RSectRect
 00C3:01A6       _RSelectWindow
 1118:1309       _RSetCursor
 1355:090D       _RSetDanPalette
 10BE:000E       _RSetFont
 10BE:0108       _RSetOrigin
 1355:098E       _RSetPalette
 10BE:00FD       _RSetPort
 00C3:0829       _RSetRect
 1118:1083       _RShowCursor
 01B0:021D       _RStillDown
 1DB9:05E6       _RStringWidth
 1DB9:03F4       _RTextBox
 10BE:0177       _RTextFace
 1DB9:0083       _RTextSize
 10BE:0223       _RTextWidth
 2162:0470       _rThePort
 0FA1:00C3       _RTickCount
 00C3:088C       _RUnionRect
 142C:0004       _RunMovie
 09C0:0040       _SampleList
 1118:0CAB       _SaveBits
 2162:015A       _saveDir
 2162:36E5       _saveEnd
 1FC4:029E       _SaveHeap
 2162:4B4A       _savelen
 2162:3684       _saveStart
 0C79:00E3       _ScaledCos
 1286:03F1       _ScaledLine
 1286:04BC       _ScaleDraw
 1286:05E8       _ScaleDrawCel
 0C79:000C       _ScaledSin
 09C0:1FF0       _ScaleVolume
 0059:0004       _sci_fgets
 2162:36B0       _scriptHandle
 2162:368C       _scriptList
 01EE:0011       _ScriptPtr
 0CAD:0805       _SelectAudio
 09C0:0B4A       _SendContrlr
 09C0:0AA9       _SendNoteOff
 09C0:0AFA       _SendNoteOn
 09C0:0C78       _SendPBend
 09C0:0C28       _SendPChange
 2162:3C9C       _sendStack
 2162:4B44       _sequ
 2162:396E       _servers
 0E00:0089       _SetAlertProc
 0CAD:04C7       _SetAudParms
 1118:16E0       _SetBrSize
 1118:1227       _SetCLUT
 1118:0277       _SetCLUTPalette
 1118:030A       _SetColor
 1118:0326       _SetControl
 10BE:0577       _SetCursorData
 14B3:02DD       _SetDebug
 0FAD:00CB       _SetDisneyInt
 1118:04A3       _SetFastDot
 0FAD:000C       _SetInterrupts
 14A7:0077       _setjmp
 1118:0BC8       _SetMaps
 0FF8:00AC       _SetMouse
 142C:03CB       _SetMoviePalette
 1286:0771       _SetNewDim
 1118:0F6F       _SetOutputPage
 1355:0893       _SetPalIntensity
 10BE:018E       _SetPointSize
 1118:0267       _SetPriBands
 1118:0314       _SetPriority
 1118:0267       _SetPriTable
 1770:01DC       _SetProperty
 19A2:05C8       _SetResCursor
 1355:08D7       _SetResPalette
 09C0:059F       _SetReverb
 0451:0BD4       _SetSndLoop
 0451:0B48       _SetSndPri
 0451:0AFA       _SetSndVol
 0FAD:00A3       _SetTimerInt
 1286:0AAA       _SetupVMap
 1286:0A68       _SetVideoMode
 2162:0294       _sfxVolFd
 1118:1397       _ShakeScreen
 1118:13B0       _ShiftScreen
 1118:0F24       _ShowBits
 10BE:0386       _ShowChar
 1770:055F       _ShowFreeList
 2162:046A       _showMap
 1286:0A7D       _ShowPage
 101A:0009       _ShowPic
 14B3:0A97       _ShowSends
 1DB9:0636       _ShowString
 2162:0468       _showStyle
 1DB9:0836       _ShowText
 10BE:0466       _SInsetRect
 14B3:000A       _SizedWindow
 1118:0BF3       _SizeRect
 09C0:1FB3       _SkipMidi
 10BE:0435       _SOffsetRect
 2162:3DD2       _soundDriver
 2162:36C0       _soundList
 09C0:04D9       _SoundOn
 2162:0158       _soundOn
 09C0:18F5       _SoundServer
 0000:0034       _sprintf
 0438:000A       _sqrt
 2162:3D64       _ssEnd
 2162:3D64       _ssPtr
 2162:0E30       _stackBase
 1FC4:0825       _StackLeft
 1770:0506       _StackUsage
 1286:016A       _StandardLine
 14A7:000A       _Start
 2162:36D2       _startPalette
 0D8C:0136       _StartSync
 0D8C:0233       _StartSync36
 1118:108E       _StdChar
 0451:0924       _StopSnd
 0D8C:0717       _StopSync
 005F:0120       _strbcat
 005F:00B6       _strcat
 005F:0396       _strchr
 005F:0176       _strcmp
 005F:002A       _strcpy
 005F:0092       _strdup
 005F:000A       _strlen
 005F:0236       _strlwr
 005F:00EE       _strncat
 005F:01AA       _strncmp
 005F:0054       _strncpy
 005F:03C8       _strstr
 005F:029A       _strtrn
 1355:03AC       _SubmitPalette
 0451:0498       _SuspendSounds
 09C0:1E9F       _SysEx
 2162:3F5E       _sysPalette
 2162:396A       _sysTicks
 0FAD:025C       _SysTime
 2162:36D4       _targetPalette
 2162:36A8       _tempVar
 09C0:04A1       _Terminate
 0451:0130       _TermSndDrv
 2162:3DDC       _textColors
 2162:4B66       _textFonts
 2162:4AD2       _theCelNum
 2162:0680       _theFont
 2162:4C34       _theGame
 2162:3E40       _theLoopNum
 2162:4C82       _theMagCursorData
 2162:3698       _theMenuBar
 2162:491E       _thePCursor
 2162:0494       _theRect
 2162:4C64       _theResId
 2162:4C7C       _theResType
 2162:36A4       _theVars
 2162:4C6A       _theViewNum
 2162:36BA       _thisIP
 2162:36B8       _thisScript
 0FAD:00F9       _TimerIntHandler
 14B3:0255       _ToggleDebug
 2162:4662       _trace
 2162:3DD4       _traceOn
 2162:0E38       _trackHunkUse
 2162:0E34       _trackResUse
 00A0:0102       _ultoa
 0F77:0066       _unlink
 1118:0EB8       _UnloadBits
 1FC4:0794       _UnlockHandle
 0451:0C32       _UpdateCues
 2162:007C       _useAltResMem
 2162:007A       _useMouse
 2162:4AC9       _verb
 2162:0344       _version
 2162:4CAC       _videoDriver
 1118:0509       _VLine
 2162:469C       _vm_deltaxs
 2162:4928       _vm_deltays
 0E57:00C5       _vm_size
 2162:0668       _vSeg
 0000:005A       _vsprintf
 2162:1D58       _where
 2162:1D57       _whereDisk
 2162:3692       _windowList
 2162:0030       _winTitleBackColor
 2162:0032       _winTitleTextColor
 2162:3690       _wmgrPort
 2162:049E       _wordBits
 2162:4B58       _workPalette
 0050:0060       _write
 14A7:00AE       _WriteChar
 0F77:0049       _WriteDos
 14B3:0E39       _WriteResUse
 2162:4C70       _wSelect
 2162:4AB8       _xCel
 2162:035F       _xlate
 2162:0410       _xms
 0000:9876  Abs  __acrtused
 002A:0024       __aFldiv
 002A:00C0       __aFlmul
 002A:00F4       __aFlshl
 002A:0100       __aFNaldiv
 002A:0124       __aFNalmul
 002A:0148       __aFNauldiv
 002A:0124       __aFNaulmul
 002A:016C       __aFNaulshr
 002A:0206       __aFuldiv
 002A:00C0       __aFulmul
 002A:018E       __aFulrem
 002A:01FA       __aFulshr
 0FAD:0258       __cli
 0000:0000  Abs  __setargv__
 0FAD:025A       __sti
 00B6:007C       __tolower
 00B6:00B5       __toupper

  Address         Publics by Value

 0000:0000       _puts
 0000:0000  Abs  __setargv__
 0000:0034       _sprintf
 0000:005A       _vsprintf
 002A:0002       _lseek
 002A:0024       __aFldiv
 002A:00C0       __aFlmul
 002A:00C0       __aFulmul
 002A:00F4       __aFlshl
 002A:0100       __aFNaldiv
 002A:0124       __aFNalmul
 002A:0124       __aFNaulmul
 002A:0148       __aFNauldiv
 002A:016C       __aFNaulshr
 002A:018E       __aFulrem
 002A:01FA       __aFulshr
 002A:0206       __aFuldiv
 0050:0008       _ClearDosError
 0050:0016       _creat
 0050:002E       _open
 0050:0046       _read
 0050:0060       _write
 0050:007A       _close
 0059:0004       _sci_fgets
 005F:000A       _strlen
 005F:002A       _strcpy
 005F:0054       _strncpy
 005F:0092       _strdup
 005F:00B6       _strcat
 005F:00EE       _strncat
 005F:0120       _strbcat
 005F:0176       _strcmp
 005F:01AA       _strncmp
 005F:01F8       _reverse
 005F:0236       _strlwr
 005F:0262       _IsPrintStr
 005F:029A       _strtrn
 005F:0396       _strchr
 005F:03C8       _strstr
 00A0:000C       _atoi
 00A0:00CC       _itoa
 00A0:0102       _ultoa
 00B6:0002       _islower
 00B6:004B       _isupper
 00B6:007C       __tolower
 00B6:00B5       __toupper
 00C3:0006       _InitWindow
 00C3:0073       _EndWindow
 00C3:0080       _RGetWmgrPort
 00C3:0084       _RBeginUpdate
 00C3:00CB       _REndUpdate
 00C3:0192       _RFrontWindow
 00C3:01A6       _RSelectWindow
 00C3:01FB       _RNewWindow
 00C3:04A1       _RDrawWindow
 00C3:069B       _RDisposeWindow
 00C3:072B       _RFrameRect
 00C3:07B0       _CenterRect
 00C3:0829       _RSetRect
 00C3:0851       _REmptyRect
 00C3:0873       _RCopyRect
 00C3:088C       _RUnionRect
 00C3:0916       _RPtInRect
 00C3:094D       _RPtToAngle
 0159:000E       _ReadConfigFile
 01B0:0006       _InitEvent
 01B0:00DF       _EndEvent
 01B0:0114       _RGetNextEvent
 01B0:0192       _RFlushEvents
 01B0:01B9       _REventAvail
 01B0:021D       _RStillDown
 01B0:0235       _RPostEvent
 01B0:027B       _MakeNullEvent
 01B0:02A1       _KMapKeyToDir
 01B0:02DE       _MapKeyToDir
 01B0:02F5       _EventToObj
 01B0:0350       _ObjToEvent
 01B0:03AB       _KJoystick
 01EE:0008       _InitScripts
 01EE:0011       _ScriptPtr
 01EE:003B       _LoadScript
 01EE:00BE       _ReloadScript
 01EE:02C9       _DisposeAllScripts
 01EE:02EB       _DisposeScript
 01EE:03AC       _ResetHunk
 01EE:04DC       _KDisposeScript
 023D:000A       _DeleteNode
 023D:0050       _AddAfter
 023D:00AA       _AddBefore
 023D:0106       _AddToFront
 023D:0162       _MoveToFront
 023D:01C2       _AddToEnd
 023D:0220       _MoveToEnd
 023D:027C       _FindKey
 023D:02B6       _DeleteKey
 026B:0002       _AltResMemInit
 026B:005C       _AltResMemAlloc
 026B:00E0       _AltResMemRead
 026B:01C2       _AltResMemWrite
 026B:03D4       _AltResMemFree
 026B:03FC       _AltResMemDebugPrefix
 026B:0418       _AltResMemDebugSummary
 026B:057C       _AltResMemDebugKey
 026B:05DE       _AltResMemTerm
 026B:06B4       _Get32KEMS
 026B:071C       _Free32KEMS
 02DE:0006       _Animate
 02DE:098C       _AddToPic
 02DE:0C70       _DisposeLastCast
 02DE:128E       _ReAnimate
 041E:0000       _ARMAllocPageMap
 041E:0036       _ARMAlloc
 041E:00A9       _ARMCopy
 041E:0116       _ARMFree
 041E:0141       _ARMMemAvail
 041E:0151       _ARMCritical
 041E:0155       _ARMFreePageMap
 0438:000A       _sqrt
 0438:0076       _LCGRandom
 0438:00CF       _abs
 0445:000E       _KRestartGame
 0445:00AB       _KGameIsRestarting
 0451:000A       _InitSoundDriver
 0451:0130       _TermSndDrv
 0451:0141       _KillAllSounds
 0451:01EF       _RestoreAllSounds
 0451:02CA       _GetSoundResType
 0451:030B       _KDoSound
 0451:0498       _SuspendSounds
 0451:04B2       _InitSnd
 0451:061C       _KillSnd
 0451:0671       _PlaySnd
 0451:0924       _StopSnd
 0451:0A48       _PauseSnd
 0451:0A87       _FadeSnd
 0451:0AC9       _HoldSnd
 0451:0AFA       _SetSndVol
 0451:0B48       _SetSndPri
 0451:0BD4       _SetSndLoop
 0451:0C32       _UpdateCues
 0451:0D5B       _MidiSend
 0451:0E56       _ChangeSndState
 0541:000A       _KBaseSetter
 0541:00F4       _KDirLoop
 0541:01A8       _KInitBresen
 0541:0402       _KDoBresen
 0541:0658       _KDoAvoider
 0541:065A       _KSetJump
 05C6:0008       _FIsFirstNode
 05C6:002F       _FFirstNode
 05C6:0039       _FLastNode
 05C6:0044       _FNextNode
 05C6:0067       _FPrevNode
 05C6:0089       _FAddToFront
 05C6:00EE       _FDeleteNode
 05C6:016E       _FMoveToFront
 05DF:0006       _MakeFileName
 05DF:002D       _MakeDirName
 05DF:0051       _KSaveGame
 05DF:01A8       _KRestoreGame
 05DF:041F       _KGetSaveDir
 05DF:0426       _KCheckSaveGame
 05DF:04F3       _GetSaveLength
 05DF:07B3       _KGetSaveFiles
 0674:0000       _getpath
 0674:13A0       _MergePolygons
 0674:216C       _ptIntr
 0000:9876  Abs  __acrtused
 09C0:0000       _PlayList
 09C0:0040       _SampleList
 09C0:0121       _ChList
 09C0:0207       _DoSound
 09C0:026E       _DispatchC
 09C0:045E       _PatchReq
 09C0:047C       _Init
 09C0:04A1       _Terminate
 09C0:04C0       _ProcessSounds
 09C0:04D9       _SoundOn
 09C0:04E4       _RestoreSound
 09C0:0588       _MasterVol
 09C0:059F       _SetReverb
 09C0:05EA       _PlaySound
 09C0:08BD       _EndSound
 09C0:08C7       _PauseSound
 09C0:092F       _FadeSound
 09C0:0953       _HoldSound
 09C0:095D       _MuteSound
 09C0:099A       _ChangeVol
 09C0:09AA       _ChangePri
 09C0:0A68       _GetSignal
 09C0:0A72       _GetSignalRset
 09C0:0A7E       _GetDataInc
 09C0:0A88       _GetSMPTE
 09C0:0AA9       _SendNoteOff
 09C0:0AFA       _SendNoteOn
 09C0:0B4A       _SendContrlr
 09C0:0C28       _SendPChange
 09C0:0C78       _SendPBend
 09C0:0CDE       _DoEnd
 09C0:0D52       _DoChannelList
 09C0:1711       _DoFade
 09C0:17D1       _DoChangeVol
 09C0:18AD       _DoVolRequests
 09C0:18F5       _SoundServer
 09C0:1978       _ParseNode
 09C0:1BBC       _NoteOff
 09C0:1C0A       _NoteOn
 09C0:1C7C       _PolyAfterTch
 09C0:1CAD       _Controller
 09C0:1DAF       _ProgramChange
 09C0:1E01       _ChnlAfterTch
 09C0:1E25       _PitchBend
 09C0:1E9F       _SysEx
 09C0:1EA3       _ControlChnl
 09C0:1FB3       _SkipMidi
 09C0:1FF0       _ScaleVolume
 09C0:2008       _FindNode
 09C0:202A       _FixupHeader
 0BD0:0004       _GetFarData
 0BD0:00AC       _GetFarStr
 0BD0:00E0       _KGetFarText
 0BD0:00FB       _GetFarText
 0BE7:0002       _KMessage
 0C79:000C       _ScaledSin
 0C79:00E3       _ScaledCos
 0C79:0155       _ATan
 0CAD:000E       _InitAudioDriver
 0CAD:0257       _EndAudio
 0CAD:02CE       _KDoAudio
 0CAD:04C7       _SetAudParms
 0CAD:0511       _KCDAudio
 0CAD:057A       _CDAudioPlay
 0CAD:060E       _CDAudioLoc
 0CAD:0628       _InitCDAudioDriver
 0CAD:06FB       _EndCDAudio
 0CAD:0733       _AudioWPlay
 0CAD:0743       _AudioPlay
 0CAD:0753       _AudioStop
 0CAD:0763       _AudioPause
 0CAD:0797       _AudioResume
 0CAD:07AE       _AudioLoc
 0CAD:07C8       _AudioRate
 0CAD:07E8       _AudioVol
 0CAD:0805       _SelectAudio
 0CAD:0A1C       _FindAudEntry
 0CAD:0AA4       _FindAud36Entry
 0CAD:0BA0       _GetAudQCnt
 0CAD:0BAE       _AudARMInit
 0CAD:0BDB       _AudARMTerm
 0CAD:0BEC       _AudARMRead
 0CAD:0C59       _AudARMWrite
 0D86:000F       _AudioDrv
 0D86:0028       _AudioServer
 0D86:0053       _CDAudioDrv
 0D8C:000C       _KDoSync
 0D8C:0136       _StartSync
 0D8C:01A2       _QueueSync
 0D8C:0233       _StartSync36
 0D8C:039A       _QueueSync36
 0D8C:0522       _FindSync36Entry
 0D8C:0619       _NextSync
 0D8C:0717       _StopSync
 0E00:000C       _InitErrMsgs
 0E00:0089       _SetAlertProc
 0E00:009B       _RAlert
 0E00:00DB       _Panic
 0E00:0155       _DoPanic
 0E00:016C       _DoAlert
 0E00:02BA       _ReadErrMsg
 0E00:034C       _PanicMsgOutput
 0E54:000E       _KPlatform
 0E57:0008       _get_line_incs
 0E57:00C5       _vm_size
 0E57:0202       _GetNewScaleFactors
 0E82:0006       _DoXlate
 0E82:0024       _MonoStr
 0E82:00B8       _MonoInit
 0E82:00DE       _MonoClear
 0E82:00F7       _MonoNewline
 0E82:0116       _MonoScroll
 0E96:0006       _EMSDetect
 0E96:0063       _EMSAlloc
 0E96:007E       _EMSMapPage
 0E96:0096       _EMSGetPageFrame
 0E96:009D       _EMSFree
 0EAC:0008       _PollKeyboard
 0EAC:0022       _FlushKeyboard
 0EAC:0038       _KeyboardDriver
 0EAC:004B       _GetModifiers
 0EAC:0059       _PollJoystick
 0EAC:007B       _JoystickDriver
 0EAC:0095       _HandleEvent
 0ED1:0000       _InitDialog
 0ED1:003D       _DrawCursor
 0ED1:00B7       _EraseCursor
 0ED1:0121       _EditControl
 0ED1:01C1       _RHiliteControl
 0ED1:0219       _DrawControl
 0ED1:0779       _RGlobalToLocal
 0ED1:0799       _RLocalToGlobal
 0ED1:083D       _EditText
 0F77:0008       _readfar
 0F77:0025       _ReadDos
 0F77:0049       _WriteDos
 0F77:0066       _unlink
 0F77:007B       _filelength
 0F77:00AB       _getcwd
 0F77:00FF       _firstfile
 0F77:011E       _nextfile
 0F77:0137       _existsdriveAB
 0F77:015F       _existdrive
 0F77:01A0       _ResetDisk
 0F77:01A5       _RGetFreeSpace
 0F77:01E1       _Exists
 0F77:0253       _MyCritErrorHandler
 0F77:026B       _drivecheck
 0F77:028A       _rename
 0FA1:0000       _InstallServer
 0FA1:0081       _DisposeServer
 0FA1:00C3       _RTickCount
 0FAD:000C       _SetInterrupts
 0FAD:006F       _ResetInterrupts
 0FAD:00A3       _SetTimerInt
 0FAD:00CB       _SetDisneyInt
 0FAD:00E1       _ResetTimerInt
 0FAD:00F9       _TimerIntHandler
 0FAD:01A1       _NullInterrupt
 0FAD:01A2       _BreakExitHandler
 0FAD:01AD       _CritErrorHandler
 0FAD:0258       __cli
 0FAD:025A       __sti
 0FAD:025C       _SysTime
 0FD8:0000       _GetLanguage
 0FDD:000C       _RGetMouse
 0FDD:0035       _CurMouse
 0FF8:0006       _InstallMouse
 0FF8:009B       _DisposeMouse
 0FF8:00AC       _SetMouse
 0FF8:011A       _HndlMouse
 101A:0008       _InitPicture
 101A:0009       _ShowPic
 101A:03FC       _CoordPri
 101A:0416       _PriCoord
 101A:044C       _PriBands
 10BE:000E       _RSetFont
 10BE:003D       _ROpenPort
 10BE:00A1       _CInitGraph
 10BE:00F0       _RGetPort
 10BE:00FD       _RSetPort
 10BE:0108       _RSetOrigin
 10BE:0120       _RMoveTo
 10BE:0135       _RMove
 10BE:014A       _PenColor
 10BE:0159       _RBackColor
 10BE:0168       _RPenMode
 10BE:0177       _RTextFace
 10BE:0186       _GetPointSize
 10BE:018E       _SetPointSize
 10BE:019D       _GetFont
 10BE:01A5       _CEndGraph
 10BE:01B7       _RInvertRect
 10BE:01E5       _RPaintRect
 10BE:0204       _REraseRect
 10BE:0223       _RTextWidth
 10BE:02F9       _RCharWidth
 10BE:032C       _CharHeight
 10BE:0360       _RDrawChar
 10BE:0386       _ShowChar
 10BE:03E1       _ClearChar
 10BE:041C       _ROffsetRect
 10BE:0435       _SOffsetRect
 10BE:0447       _OffsetPoint
 10BE:0453       _RInsetRect
 10BE:0466       _SInsetRect
 10BE:0472       _MoveRect
 10BE:0492       _InRect
 10BE:04AF       _CSectRect
 10BE:04CC       _RSectRect
 10BE:0534       _GetTheRect
 10BE:053F       _GetCursorData
 10BE:0577       _SetCursorData
 1118:000E       _RFillRect
 1118:0133       _ClearScreen
 1118:014F       _DrawPic
 1118:0267       _SetPriBands
 1118:0267       _SetPriTable
 1118:0277       _SetCLUTPalette
 1118:0299       _DoBitMap
 1118:029B       _DoCel
 1118:030A       _SetColor
 1118:0314       _SetPriority
 1118:0326       _SetControl
 1118:0330       _ClearColor
 1118:0338       _ClearPriority
 1118:0340       _ClearControl
 1118:0348       _DoShortLine
 1118:0375       _DoMedLine
 1118:03A2       _DoAbsLine
 1118:03C6       _DoAbsFill
 1118:03D9       _GetByte
 1118:03F0       _GetShortXY
 1118:042D       _GetMedXY
 1118:045D       _GetAbsXY
 1118:04A3       _SetFastDot
 1118:04AE       _DoDot
 1118:04F3       _HLine
 1118:0509       _VLine
 1118:056B       _DLine
 1118:0738       _Line
 1118:078F       _Fill
 1118:0B68       _FillLines
 1118:0BC8       _SetMaps
 1118:0BF3       _SizeRect
 1118:0C0C       _InitGraph
 1118:0C92       _EndGraph
 1118:0CAB       _SaveBits
 1118:0DF7       _RestoreBits
 1118:0EB8       _UnloadBits
 1118:0F16       _GetSegment
 1118:0F24       _ShowBits
 1118:0F6F       _SetOutputPage
 1118:0F80       _GetOutputPage
 1118:0F8A       _ClearPagedScreens
 1118:0F94       _KGraph
 1118:1077       _RHideCursor
 1118:1083       _RShowCursor
 1118:108D       _LoadBits
 1118:108E       _StdChar
 1118:1184       _OnControl
 1118:1227       _SetCLUT
 1118:1248       _GetCLUT
 1118:125C       _InitDisplay
 1118:126B       _EndDisplay
 1118:127C       _MoveCursor
 1118:128E       _PointToCel
 1118:12D8       _Expand
 1118:1309       _RSetCursor
 1118:1397       _ShakeScreen
 1118:13B0       _ShiftScreen
 1118:144B       _ColorFade
 1118:144C       _FastMatch
 1118:14CC       _PaletteShell
 1118:14FE       _PaletteServer
 1118:150B       _KillPalServer
 1118:151F       _PaletteUpdate
 1118:16C6       _PaletteCheck
 1118:16DD       _DoShortBrush
 1118:16E0       _SetBrSize
 1118:16E3       _DoAbsBrush
 1118:16E6       _DoMedBrush
 1118:16E9       _OldSetPalette
 1286:000C       _GetCelPointer
 1286:0089       _BuildLine
 1286:00F8       _BuildMirroredLine
 1286:016A       _StandardLine
 1286:020D       _EatLine
 1286:0250       _DrawSetup
 1286:0350       _DrawCelZ
 1286:03F1       _ScaledLine
 1286:04BC       _ScaleDraw
 1286:056E       _DrawPicCel
 1286:0599       _DrawCel
 1286:05E8       _ScaleDrawCel
 1286:0632       _GetCelWide
 1286:0654       _GetCelHigh
 1286:0675       _GetCelXOff
 1286:0698       _GetCelYOff
 1286:06BB       _GetCelRect
 1286:071C       _GetNumLoops
 1286:0730       _GetNumCels
 1286:0771       _SetNewDim
 1286:07AB       _DrawMagCursor
 1286:090F       _RIsItSkip
 1286:0987       _AssertViewPalette
 1286:0A28       _DisplayBlock
 1286:0A4E       _FillVideoPage
 1286:0A68       _SetVideoMode
 1286:0A7D       _ShowPage
 1286:0A92       _CopyPage
 1286:0AAA       _SetupVMap
 1333:0000       _ResNameMake
 1333:002A       _ResNameMakeWildCard
 1333:0051       _ResNameMatch
 1333:0094       _ResName
 1333:00A5       _ROpenResFile
 1333:0112       _addSlash
 1355:0004       _CopyNew2OldPalette
 1355:0171       _RemapByPercent
 1355:0202       _RemapToGray
 1355:02BB       _RemapToPercentGray
 1355:03AC       _SubmitPalette
 1355:052A       _InitPalette
 1355:058F       _KPalette
 1355:0893       _SetPalIntensity
 1355:08D7       _SetResPalette
 1355:090D       _RSetDanPalette
 1355:098E       _RSetPalette
 1355:0A4D       _InsertPalette
 1355:0AF9       _PalMatch
 140D:000C       _pkExplode
 140D:0058       _pkImplode
 140D:00C3       _pkImplode2Mem
 142C:0004       _RunMovie
 142C:01AF       _LoadFrame
 142C:0362       _LoadMoviePalette
 142C:03CB       _SetMoviePalette
 142C:03F3       _LoadCelCount
 146E:000C       _Clone
 146E:0077       _DisposeClone
 146E:00B1       _IsObject
 146E:00D2       _RespondsTo
 146E:0154       _LoadPropOffsets
 146E:019E       _LoadClassTbl
 148D:000C       _MakeCommandLineArgs
 148D:00F8       _onexit
 148D:011E       _exit
 14A7:000A       _Start
 14A7:0077       _setjmp
 14A7:0094       _longjmp
 14A7:00AE       _WriteChar
 14A7:00BD       _ExitFromC
 14B3:000A       _SizedWindow
 14B3:007D       _DebugWindow
 14B3:01D8       _ArgNameRead
 14B3:0255       _ToggleDebug
 14B3:02BF       _KSetDebug
 14B3:02DD       _SetDebug
 14B3:0366       _Debug
 14B3:0A79       _KShowSends
 14B3:0A97       _ShowSends
 14B3:0C5C       _PError
 14B3:0DD9       _KShowFree
 14B3:0E1A       _KInspectObj
 14B3:0E39       _WriteResUse
 14B3:0EDD       _CheckHunkUse
 14B3:248B       _KProfiler
 14B3:248E       _Resources
 14B3:2974       _CheckLoadLinks
 1764:000E       _PMachine
 1770:000A       _Dispatch
 1770:005E       _DoCall
 1770:0096       _GetDispatchAddrInHeapFromC
 1770:00B0       _GetDispatchAddr
 1770:00C4       _GetDispatchAddrInHeap
 1770:0117       _GetDispatchAddrInHunk
 1770:0125       _GetNewScript
 1770:014F       _NeedRetOpcode
 1770:0188       _GetProperty
 1770:01DC       _SetProperty
 1770:0233       _GetPropAddr
 1770:0283       _QuickMessage
 1770:03EB       _Messager
 1770:03FA       _InvokeMethod
 1770:044A       _DebugInit
 1770:045A       _RDebugger
 1770:048D       _KStackUsage
 1770:04A9       _DebugOn
 1770:04DB       _DebugOff
 1770:0506       _StackUsage
 1770:055F       _ShowFreeList
 1770:0594       _ExecuteCode
 196A:0000       _CleanDir
 196A:0031       _KCheckFreeSpace
 196A:00DE       _KValidPath
 196A:01A7       _KDeviceInfo
 196A:0267       _GetDevice
 196A:02AC       _GetCurDevice
 196A:02CD       _ExitThroughDebug
 196A:02EB       _GetExecDir
 19A2:000E       _ResLoad
 19A2:0236       _ResUnLoad
 19A2:02FC       _ResLock
 19A2:03A0       _PurgeLast
 19A2:0434       _FindResEntry
 19A2:047C       _GetResHandle
 19A2:0550       _LoadHandle
 19A2:05C8       _SetResCursor
 19A2:06B6       _FindPatchEntry
 19A2:071A       _InitPatches
 19A2:0974       _MakeName36
 19A2:0A0E       _ConvBase36
 19A2:0A98       _GetDigit36
 1A4D:0002       _main
 1A9F:0000       _KAssertPalette
 1A9F:002B       _KResCheck
 1A9F:00E6       _KLoad
 1A9F:01A0       _KUnLoad
 1A9F:01F0       _KLock
 1A9F:025C       _KSetCursor
 1A9F:059D       _KDrawPic
 1A9F:06CD       _KPicNotValid
 1A9F:06E6       _KShow
 1A9F:071F       _KTextSize
 1A9F:074D       _KAnimate
 1A9F:0870       _KGetAngle
 1A9F:08A5       _KGetDistance
 1A9F:0952       _KSinMult
 1A9F:0985       _KCosMult
 1A9F:09B8       _KSinDiv
 1A9F:09EB       _KCosDiv
 1A9F:0A1E       _KATan
 1A9F:0A3D       _KDisplay
 1A9F:0D34       _KHaveMouse
 1A9F:0D3B       _KGetEvent
 1A9F:0FD1       _KRecord
 1A9F:1190       _KPlayBack
 1A9F:1226       _KGetTime
 1A9F:1248       _KNumLoops
 1A9F:1280       _KNumCels
 1A9F:12C8       _KSetNowSeen
 1A9F:135C       _KIsItSkip
 1A9F:13A5       _KCelWide
 1A9F:13CE       _KCelHigh
 1A9F:13F7       _KCantBeHere
 1A9F:14EC       _KOnControl
 1A9F:1558       _KGetPort
 1A9F:1571       _KSetPort
 1A9F:1605       _KNewWindow
 1A9F:16A3       _KDisposeWindow
 1A9F:16CE       _KDrawControl
 1A9F:16E9       _KHiliteControl
 1A9F:16FC       _KEditControl
 1A9F:1715       _KGlobalToLocal
 1A9F:1731       _KLocalToGlobal
 1A9F:174D       _KDrawCel
 1A9F:1901       _KAddToPic
 1A9F:191A       _KRandom
 1A9F:19BB       _KNewList
 1A9F:19E7       _KDisposeList
 1A9F:1A2A       _KNewNode
 1A9F:1A56       _KFirstNode
 1A9F:1A70       _KLastNode
 1A9F:1A8B       _KEmptyList
 1A9F:1AAB       _KNextNode
 1A9F:1ABB       _KPrevNode
 1A9F:1ACC       _KNodeValue
 1A9F:1ADD       _KAddAfter
 1A9F:1AFC       _KAddToFront
 1A9F:1B18       _KAddToEnd
 1A9F:1B34       _KFindKey
 1A9F:1B4D       _KDeleteKey
 1A9F:1B82       _KAbs
 1A9F:1B98       _KSqrt
 1A9F:1BBA       _KReadNumber
 1A9F:1BD0       _KClone
 1A9F:1C1D       _KDisposeClone
 1A9F:1C30       _KMemoryInfo
 1A9F:1C95       _KScriptID
 1A9F:1CB8       _KWait
 1A9F:1D04       _KFormat
 1A9F:1E3A       _KIsObject
 1A9F:1E50       _KRespondsTo
 1A9F:1E69       _KStrCmp
 1A9F:1E9D       _KStrLen
 1A9F:1EB3       _KStrCpy
 1A9F:1F32       _KStrEnd
 1A9F:1F57       _KStrCat
 1A9F:1F71       _KDummy
 1A9F:1F72       _KGetCWD
 1A9F:1F89       _KCoordPri
 1A9F:1FB7       _KShakeScreen
 1A9F:1FDF       _KStrAt
 1A9F:2013       _KShiftScreen
 1A9F:2032       _KFlushResources
 1A9F:2050       _KMemorySegment
 1A9F:20D3       _KAvoidPath
 1A9F:22BD       _KMergePoly
 1A9F:23F2       _KListOps
 1A9F:24F6       _KMemory
 1A9F:25A1       _KFileIO
 1A9F:285D       _bsort
 1A9F:28CE       _KSort
 1A9F:2A11       _KPalVary
 1A9F:2D85       _KShowMovie
 1A9F:2E48       _KSetVideoMode
 1A9F:2F50       _KSetQuitStr
 1A9F:2F6B       _KDbugStr
 1A9F:2F7F       _KRemapColors
 1DB9:000A       _KTextColors
 1DB9:0046       _KTextFonts
 1DB9:0083       _RTextSize
 1DB9:01A4       _GetLongest
 1DB9:02E8       _GetHighest
 1DB9:03F4       _RTextBox
 1DB9:05E6       _RStringWidth
 1DB9:060B       _DrawString
 1DB9:0636       _ShowString
 1DB9:0661       _RDrawText
 1DB9:0836       _ShowText
 1E42:000C       _InitResource
 1E42:015E       _LoadResMap
 1E42:01D3       _ResCheck
 1E42:0261       _ResCheck36
 1E42:033F       _DoLoad
 1E42:05E4       _FindDirEntry
 1E42:0652       _FindDirEntryMap
 1EB6:000E       _InitMenu
 1EB6:0054       _KDrawStatus
 1EB6:0156       _KAddMenu
 1EB6:038F       _KDrawMenuBar
 1EB6:03A0       _KSetMenu
 1EB6:0469       _KGetMenu
 1EB6:04E8       _KMenuSelect
 1FC4:000C       _InitHeap
 1FC4:0056       _InitHandle
 1FC4:007D       _InitMem
 1FC4:00C6       _RNewPtr
 1FC4:013F       _NeedPtr
 1FC4:0185       _FillPtr
 1FC4:019E       _ClearPtr
 1FC4:01B0       _DisposePtr
 1FC4:020C       _ReallocatePtr
 1FC4:0245       _LargestPtr
 1FC4:0266       _FreeHeap
 1FC4:0290       _PtrSize
 1FC4:029E       _SaveHeap
 1FC4:02A5       _RestartHeap
 1FC4:02BB       _memcpy
 1FC4:02DF       _RelocateHunk
 1FC4:03C5       _PackHandles
 1FC4:047B       _GetHandle
 1FC4:04B7       _RNewHandle
 1FC4:0592       _NeedHandle
 1FC4:05B1       _FillHandle
 1FC4:05D8       _ClearHandle
 1FC4:05EA       _ReturnHandle
 1FC4:0619       _DisposeHandle
 1FC4:0638       _DisposeHunk
 1FC4:06B8       _ReallocateHandle
 1FC4:0702       _LargestHandle
 1FC4:0737       _FreeHunk
 1FC4:074F       _HandleSize
 1FC4:0768       _HandleLocked
 1FC4:077F       _LockHandle
 1FC4:0794       _UnlockHandle
 1FC4:07A9       _CriticalHandle
 1FC4:07CD       _hunkcpy
 1FC4:07EA       _CopyHandle
 1FC4:0825       _StackLeft
 1FC4:082C       _FarMemcpy
 2048:04CB       IMPLODE
 2048:0D0D       EXPLODE
 2162:0030       _winTitleBackColor
 2162:0032       _winTitleTextColor
 2162:007A       _useMouse
 2162:007C       _useAltResMem
 2162:007E       _audBuffKSize
 2162:0080       _audioIRQ
 2162:0082       _audioDMA
 2162:0084       _minHunkSize
 2162:0086       _maxHunkUsed
 2162:00C8       _armTypes
 2162:010C       _lcgSeed
 2162:0158       _soundOn
 2162:015A       _saveDir
 2162:028E       _audioRdy
 2162:0290       _audFd
 2162:0292       _audVolFd
 2162:0294       _sfxVolFd
 2162:0296       _audioDrv
 2162:0298       _cdaudioDrv
 2162:029A       _playPtr
 2162:029C       _playingNum
 2162:029E       _audQndx
 2162:02A0       _audARMPtr
 2162:02A2       _audARMHandle
 2162:02DC       _alertProc
 2162:0314       _makeDate
 2162:0320       _makeTime
 2162:032A       _maker
 2162:0332       _makeLocation
 2162:0344       _version
 2162:034E       _makeComment
 2162:035F       _xlate
 2162:0366       _ems
 2162:03CE       _extMem
 2162:03FE       _criticalError
 2162:0404       _diskIOCritical
 2162:040A       _language
 2162:040C       _mouseIsDebug
 2162:040E       _buttonState
 2162:0410       _xms
 2162:0452       _haveMouse
 2162:0454       _mouseY
 2162:0456       _mouseX
 2162:045E       _picRect
 2162:0466       _picNotValid
 2162:0468       _showStyle
 2162:046A       _showMap
 2162:046C       _Display
 2162:0470       _rThePort
 2162:0494       _theRect
 2162:049E       _wordBits
 2162:04BE       _bounds
 2162:04CE       _baseTable
 2162:065E       _NumberColors
 2162:0668       _vSeg
 2162:066A       _pcSeg
 2162:0680       _theFont
 2162:06F6       _objectOffset
 2162:0704       _remapTable
 2162:0A44       _remapOn
 2162:0A48       _remapDepth
 2162:0A4A       _mirrored
 2162:0A4C       _decodeError
 2162:0B52       _resTypes
 2162:0D6C       _remapPercent
 2162:0D70       _remapPercentGray
 2162:0E18       _argv
 2162:0E2C       _argc
 2162:0E2E       _pspSeg
 2162:0E30       _stackBase
 2162:0E32       _numHandles
 2162:0E34       _trackResUse
 2162:0E36       _findRet
 2162:0E38       _trackHunkUse
 2162:0E3A       _isDebugVersion
 2162:0E3C       _debugWinX
 2162:0E3E       _debugWinY
 2162:1706       _gameStarted
 2162:1708       _pmCode
 2162:170A       _pmCodeSegment
 2162:1718       _checkingLoadLinks
 2162:171A       _resourceCursorType
 2162:1D57       _whereDisk
 2162:1D58       _where
 2162:1D9A       _helpstr
 2162:1EA4       _opTbl
 2162:20A4       _kernelDispTbl
 2162:22C8       _kernelMax
 2162:22CA       _loadLow
 2162:22CC       _magCursorFlag
 2162:22CE       _noShowBits
 2162:22D0       _palStamp
 2162:22D2       _recordState
 2162:2C40       _kernelNames
 2162:3684       _evHead
 2162:3684       _saveStart
 2162:3686       _evTail
 2162:3688       _evQueue
 2162:368A       _evQueueEnd
 2162:368C       _scriptList
 2162:3690       _wmgrPort
 2162:3692       _windowList
 2162:3696       _freeList
 2162:3698       _theMenuBar
 2162:369A       _ip
 2162:369C       _pmsp
 2162:369E       _acc
 2162:36A0       _pStack
 2162:36A2       _pStackEnd
 2162:36A4       _theVars
 2162:36A4       _globalVar
 2162:36A6       _localVar
 2162:36A8       _tempVar
 2162:36AA       _parmVar
 2162:36AC       _restArgs
 2162:36AE       _object
 2162:36B0       _scriptHandle
 2162:36B2       _classTbl
 2162:36B4       _numClasses
 2162:36B6       _defaultES
 2162:36B8       _thisScript
 2162:36BA       _thisIP
 2162:36BE       _lastCast
 2162:36C0       _soundList
 2162:36C4       _reverbDefault
 2162:36C6       _palVaryOn
 2162:36C7       _palVaryPause
 2162:36C8       _palettePercent
 2162:36CA       _paletteDir
 2162:36CC       _paletteTime
 2162:36CE       _paletteStop
 2162:36D0       _paletteRes
 2162:36D2       _startPalette
 2162:36D4       _targetPalette
 2162:36D6       _newPalette
 2162:36D8       _palServerSignal
 2162:36DA       _currentVideoMode
 2162:36DB       _restrictRecPtr
 2162:36DD       _restrict
 2162:36E5       _saveEnd
 2162:396A       _sysTicks
 2162:396E       _servers
 2162:3B66       _quitStr
 2162:3B66       _bssStart
 2162:3BE6       _commandLine
 2162:3C66       _panicStr
 2162:3C9C       _sendStack
 2162:3D64       _ssPtr
 2162:3D64       _ssEnd
 2162:3DAA       _hunkAvail
 2162:3DAC       _heapAvail
 2162:3DAE       _heapBase
 2162:3DB0       _handleBase
 2162:3DD0       _audNone
 2162:3DD2       _soundDriver
 2162:3DD4       _traceOn
 2162:3DD6       _pCursorNum
 2162:3DD8       _kbdDriver
 2162:3DDA       _currentPage
 2162:3DDC       _textColors
 2162:3E40       _theLoopNum
 2162:3E42       _gameRestarted
 2162:3E44       _memorySegment
 2162:3F46       _keyboard
 2162:3F4A       _patchDir
 2162:3F5E       _sysPalette
 2162:4662       _trace
 2162:4664       _pageStatus
 2162:4668       _menuPortStruc
 2162:468A       _recordOfs
 2162:468E       _dataInfo
 2162:4698       _recordCnt
 2162:469C       _vm_deltaxs
 2162:491C       _joyHandle
 2162:491E       _thePCursor
 2162:4928       _vm_deltays
 2162:4AB8       _xCel
 2162:4AC9       _verb
 2162:4ACA       _cond
 2162:4ACC       _dcompBuffer
 2162:4ACE       _bytesBuffered
 2162:4AD2       _theCelNum
 2162:4AD4       _objOfs
 2162:4B42       _recordFd
 2162:4B44       _sequ
 2162:4B46       _module
 2162:4B48       _proOn
 2162:4B4A       _savelen
 2162:4B4C       _newRect
 2162:4B4E       _lastSp
 2162:4B50       _rectIndex
 2162:4B52       _frameRate
 2162:4B56       _paletteHandle
 2162:4B58       _workPalette
 2162:4B5A       _loop
 2162:4B5C       _movieDir
 2162:4B5E       _joyDriver
 2162:4B60       _noun
 2162:4B62       _proBuffer
 2162:4B64       _lastTextColor
 2162:4B66       _textFonts
 2162:4C2E       _recordRoom
 2162:4C30       _recordX
 2162:4C32       _recordY
 2162:4C34       _theGame
 2162:4C36       _audVolDrive
 2162:4C38       _restartBuf
 2162:4C54       _loadList
 2162:4C58       _audARMROffset
 2162:4C5A       _lowDataSize
 2162:4C5C       _playbackCnt
 2162:4C60       _audARMWOffset
 2162:4C62       _kbdHandle
 2162:4C64       _theResId
 2162:4C66       _proIndex
 2162:4C68       _id
 2162:4C6A       _theViewNum
 2162:4C6C       _menuPort
 2162:4C6E       _magPicNum
 2162:4C70       _wSelect
 2162:4C74       _picWind
 2162:4C76       _joystick
 2162:4C7A       _audARMType
 2162:4C7C       _theResType
 2162:4C7D       _lastTextFont
 2162:4C7E       _cursorData
 2162:4C80       _proBufSize
 2162:4C82       _theMagCursorData
 2162:4C98       _audQcnt
 2162:4CAC       _videoDriver
 2162:4CAE       _lowData
 2162:4CB2       _movieOn
 2162:4CB4       _newRoomNum
 2162:4CB6       _audioDriver
 262E:0000       _bssEnd

Program entry point at 14A7:000A
