
 Start  Stop   Length Name                   Class
 00000H 002A1H 002A2H STDIO_TEXT             CODE
 002A2H 00506H 00265H _TEXT                  CODE
 00508H 00593H 0008CH STDIOA_TEXT            CODE
 00594H 005F9H 00066H SCIFGETS_TEXT          CODE
 005FAH 00A0BH 00412H STRING_TEXT            CODE
 00A0CH 00B61H 00156H STDLIB_TEXT            CODE
 00B62H 00C35H 000D4H CTYPE_TEXT             CODE
 00C36H 0159DH 00968H WINDOW_TEXT            CODE
 0159EH 01B05H 00568H CONFIG_TEXT            CODE
 01B06H 01EE7H 003E2H EVENT_TEXT             CODE
 01EE8H 023D9H 004F2H SCRIPT_TEXT            CODE
 023DAH 026B1H 002D8H LIST_TEXT              CODE
 026B2H 02DE5H 00734H ALTRES_TEXT            CODE
 02DE6H 041DFH 013FAH ANIMATE_TEXT           CODE
 041E0H 04389H 001AAH ARMA_TEXT              CODE
 0438AH 0445DH 000D4H MA_TEXT                CODE
 0445EH 04519H 000BCH RESTART_TEXT           CODE
 0451AH 05419H 00F00H SOUND_TEXT             CODE
 0541AH 05C67H 0084EH MOTION_TEXT            CODE
 05C68H 05DF5H 0018EH FLIST_TEXT             CODE
 05DF6H 0673FH 0094AH SAVEGAME_TEXT          CODE
 06740H 09BFFH 034C0H GETPATH_TEXT           CODE
 09C00H 0BD03H 02104H MI_TEXT                CODE
 0BD04H 0BE71H 0016EH FARDATA_TEXT           CODE
 0BE72H 0C79BH 0092AH MESSAGE_TEXT           CODE
 0C79CH 0CADDH 00342H TRIG_TEXT              CODE
 0CADEH 0D86DH 00D90H AUDIO_TEXT             CODE
 0D86EH 0D8CBH 0005EH A_TEXT                 CODE
 0D8CCH 0E00BH 00740H SYNC_TEXT              CODE
 0E00CH 0E54DH 00542H ERRMSG_TEXT            CODE
 0E54EH 0E577H 0002AH PLATFORM_TEXT          CODE
 0E578H 0E578H 00000H INFO_TEXT              CODE
 0E578H 0E825H 002AEH SCALE_TEXT             CODE
 0E826H 0E964H 0013FH MO_TEXT                CODE
 0E966H 0EAC6H 00161H E_TEXT                 CODE
 0EAC8H 0EBA3H 000DCH EVENTA_TEXT            CODE
 0EBA4H 0ED0FH 0016CH EXTM_TEXT              CODE
 0ED10H 0F777H 00A68H DIALOG_TEXT            CODE
 0F778H 0FA0EH 00297H FILE_TEXT              CODE
 0FA10H 0FADBH 000CCH INTRPT_TEXT            CODE
 0FADCH 0FD7FH 002A4H INTA_TEXT              CODE
 0FD80H 0FDDBH 0005CH LANGUAGE_TEXT          CODE
 0FDDCH 0FE1DH 00042H MOUSE_TEXT             CODE
 0FE1EH 0FF85H 00168H X_TEXT                 CODE
 0FF86H 101A6H 00221H MOUSEA_TEXT            CODE
 101A8H 10BEDH 00A46H PICTURE_TEXT           CODE
 10BEEH 1118CH 0059FH GRA_TEXT               CODE
 1118EH 1286BH 016DEH GRAPH2_TEXT            CODE
 1286CH 1332EH 00AC3H CE_TEXT                CODE
 13330H 13553H 00224H RESNAME_TEXT           CODE
 13554H 140DBH 00B88H PALETTE_TEXT           CODE
 140DCH 142C3H 001E8H PK_TEXT                CODE
 142C4H 146EBH 00428H MOVIE_TEXT             CODE
 146ECH 148DBH 001F0H OBJECT_TEXT            CODE
 148DCH 14A79H 0019EH START_TEXT             CODE
 14A7AH 14B38H 000BFH STARTA_TEXT            CODE
 14B3AH 14E4BH 00312H DEBUG_TEXT             CODE
 14E4CH 14F49H 000FEH PMACHINE_TEXT          CODE
 14F4AH 16D21H 01DD8H PM_TEXT                CODE
 16D22H 17007H 002E6H DOS_TEXT               CODE
 17008H 17935H 0092EH RESOURCE_TEXT          CODE
 17936H 17E69H 00534H SCI_TEXT               CODE
 17E6AH 17E6AH 00000H KERNDI_TEXT            CODE
 17E6AH 1AB73H 02D0AH KERNEL_TEXT            CODE
 1AB74H 1B3BDH 0084AH TEXT_TEXT              CODE
 1B3BEH 1BB2DH 00770H VOLLOAD_TEXT           CODE
 1BB2EH 1BCCBH 0019EH MENU_TEXT              CODE
 1BCCCH 1C419H 0074EH MEMM_TEXT              CODE
 1C41AH 1D5ADH 01194H PK_TEXT                CODE
 1D5AEH 1F139H 01B8CH _DATA                  DATA
 1F13AH 1F18FH 00056H CONST                  CONST
 1F190H 1FBCDH 00A3EH _BSS                   BSS
 1FBD0H 20A99H 00ECAH c_common               BSS
 20AA0H 20AA0H 00000H ENDDATA                STACK
 20AA0H 20B1FH 00080H STACK                  STACK

 Origin   Group
 1D5A:0   DGROUP

  Address         Publics by Name

 1C41:0D0B       EXPLODE
 1C41:04C9       IMPLODE
 0438:00CF       _abs
 1D5A:1FFA       _acc
 023D:0050       _AddAfter
 023D:00AA       _AddBefore
 1333:0112       _addSlash
 023D:01C2       _AddToEnd
 023D:0106       _AddToFront
 02DE:098C       _AddToPic
 1D5A:02EA       _alertProc
 026B:005C       _AltResMemAlloc
 026B:057C       _AltResMemDebugKey
 026B:03FC       _AltResMemDebugPrefix
 026B:0418       _AltResMemDebugSummary
 026B:03D4       _AltResMemFree
 026B:0002       _AltResMemInit
 026B:00E0       _AltResMemRead
 026B:05DE       _AltResMemTerm
 026B:01C2       _AltResMemWrite
 02DE:0006       _Animate
 1D5A:0E3A       _argc
 14B3:01D8       _ArgNameRead
 1D5A:0E26       _argv
 041E:0036       _ARMAlloc
 041E:0000       _ARMAllocPageMap
 041E:00A9       _ARMCopy
 041E:0151       _ARMCritical
 041E:0116       _ARMFree
 041E:0155       _ARMFreePageMap
 041E:0141       _ARMMemAvail
 1D5A:00D6       _armTypes
 1286:0987       _AssertViewPalette
 0C79:0155       _ATan
 00A0:000C       _atoi
 1D5A:02B0       _audARMHandle
 0CAD:0BAE       _AudARMInit
 1D5A:02AE       _audARMPtr
 0CAD:0BEC       _AudARMRead
 1D5A:34A4       _audARMROffset
 0CAD:0BDB       _AudARMTerm
 1D5A:34BE       _audARMType
 1D5A:34A8       _audARMWOffset
 0CAD:0C59       _AudARMWrite
 1D5A:008C       _audBuffKSize
 1D5A:029E       _audFd
 1D5A:0090       _audioDMA
 1D5A:34F8       _audioDriver
 1D5A:02A4       _audioDrv
 0D86:000F       _AudioDrv
 1D5A:008E       _audioIRQ
 0CAD:07AE       _AudioLoc
 0CAD:0763       _AudioPause
 0CAD:0743       _AudioPlay
 0CAD:07C8       _AudioRate
 1D5A:029C       _audioRdy
 0CAD:0797       _AudioResume
 0D86:0028       _AudioServer
 0CAD:0753       _AudioStop
 0CAD:07E8       _AudioVol
 0CAD:0733       _AudioWPlay
 1D5A:2630       _audNone
 1D5A:34DA       _audQcnt
 1D5A:02AC       _audQndx
 1D5A:347E       _audVolDrive
 1D5A:02A0       _audVolFd
 1D5A:04DC       _baseTable
 1D5A:04CC       _bounds
 0FAD:01A2       _BreakExitHandler
 17E6:23C7       _bsort
 20AA:0000       _bssEnd
 1D5A:24C2       _bssStart
 1286:0089       _BuildLine
 1286:00F8       _BuildMirroredLine
 1D5A:041C       _buttonState
 1D5A:3322       _bytesBuffered
 1D5A:02A6       _cdaudioDrv
 0D86:0053       _CDAudioDrv
 0CAD:060E       _CDAudioLoc
 0CAD:057A       _CDAudioPlay
 10BE:01A5       _CEndGraph
 00C3:07B0       _CenterRect
 09C0:09AA       _ChangePri
 0451:0E56       _ChangeSndState
 09C0:099A       _ChangeVol
 10BE:032C       _CharHeight
 14B3:028C       _CheckHunkUse
 1D5A:0E56       _checkingLoadLinks
 09C0:0121       _ChList
 09C0:1E01       _ChnlAfterTch
 10BE:00A1       _CInitGraph
 1D5A:200E       _classTbl
 16D2:0002       _CleanDir
 10BE:03E1       _ClearChar
 1118:0330       _ClearColor
 1118:0340       _ClearControl
 0050:0008       _ClearDosError
 1BCC:0504       _ClearHandle
 1118:0F8A       _ClearPagedScreens
 1118:0338       _ClearPriority
 1BCC:0179       _ClearPtr
 1118:0133       _ClearScreen
 146E:000C       _Clone
 0050:007A       _close
 1118:144B       _ColorFade
 1D5A:2542       _commandLine
 1D5A:331E       _cond
 09C0:1EA3       _ControlChnl
 09C0:1CAD       _Controller
 1700:0892       _ConvBase36
 101A:03FC       _CoordPri
 1BCC:06F8       _CopyHandle
 1355:0004       _CopyNew2OldPalette
 1286:0A92       _CopyPage
 0050:0016       _creat
 0FAD:01AD       _CritErrorHandler
 1D5A:040C       _criticalError
 1BCC:06B7       _CriticalHandle
 10BE:04AF       _CSectRect
 0FDD:0035       _CurMouse
 1D5A:2638       _currentPage
 1D5A:2036       _currentVideoMode
 1D5A:34C2       _cursorData
 1D5A:2EE6       _dataInfo
 1D5A:3320       _dcompBuffer
 14B3:01F6       _Debug
 14F4:03B6       _DebugInit
 14B3:007D       _DebugWindow
 1D5A:0A5A       _decodeError
 1D5A:2012       _defaultES
 023D:02B6       _DeleteKey
 023D:000A       _DeleteNode
 1D5A:0412       _diskIOCritical
 14F4:000A       _Dispatch
 09C0:026E       _DispatchC
 1D5A:047A       _Display
 1286:0A28       _DisplayBlock
 01EE:02C9       _DisposeAllScripts
 146E:0077       _DisposeClone
 1BCC:0527       _DisposeHandle
 1BCC:0546       _DisposeHunk
 02DE:0C70       _DisposeLastCast
 0FF8:009B       _DisposeMouse
 1BCC:018B       _DisposePtr
 01EE:02EB       _DisposeScript
 0FA1:0081       _DisposeServer
 1118:056B       _DLine
 1118:16E3       _DoAbsBrush
 1118:03C6       _DoAbsFill
 1118:03A2       _DoAbsLine
 0E00:016C       _DoAlert
 1118:0299       _DoBitMap
 14F4:004C       _DoCall
 1118:029B       _DoCel
 09C0:17D1       _DoChangeVol
 09C0:0D52       _DoChannelList
 1118:04AE       _DoDot
 09C0:0CDE       _DoEnd
 09C0:1711       _DoFade
 1B3B:0382       _DoLoad
 1118:16E6       _DoMedBrush
 1118:0375       _DoMedLine
 0E00:0155       _DoPanic
 1118:16DD       _DoShortBrush
 1118:0348       _DoShortLine
 09C0:0207       _DoSound
 09C0:18AD       _DoVolRequests
 0E82:0006       _DoXlate
 1286:0599       _DrawCel
 1286:0350       _DrawCelZ
 0ED1:0219       _DrawControl
 0ED1:003D       _DrawCursor
 1286:07AB       _DrawMagCursor
 1118:014F       _DrawPic
 1286:056E       _DrawPicCel
 1286:0250       _DrawSetup
 1AB7:0605       _DrawString
 0F77:026B       _drivecheck
 1286:020D       _EatLine
 0ED1:0121       _EditControl
 0ED1:083D       _EditText
 1D5A:0374       _ems
 0E96:0063       _EMSAlloc
 0E96:0006       _EMSDetect
 0E96:009D       _EMSFree
 0E96:0096       _EMSGetPageFrame
 0E96:007E       _EMSMapPage
 0CAD:0257       _EndAudio
 0CAD:06FB       _EndCDAudio
 1118:126B       _EndDisplay
 01B0:00DF       _EndEvent
 1118:0C92       _EndGraph
 09C0:08BD       _EndSound
 00C3:0073       _EndWindow
 0ED1:00B7       _EraseCursor
 01B0:02F5       _EventToObj
 1D5A:1FE0       _evHead
 1D5A:1FE4       _evQueue
 1D5A:1FE6       _evQueueEnd
 1D5A:1FE2       _evTail
 14F4:03DC       _ExecuteCode
 0F77:015F       _existdrive
 0F77:01E1       _Exists
 0F77:0137       _existsdriveAB
 148D:011E       _exit
 14A7:00BD       _ExitFromC
 16D2:02CF       _ExitThroughDebug
 1118:12D8       _Expand
 1D5A:03DC       _extMem
 05C6:0089       _FAddToFront
 0451:0A87       _FadeSnd
 09C0:092F       _FadeSound
 1BCC:073A       _FarMemcpy
 1118:144C       _FastMatch
 05C6:00EE       _FDeleteNode
 05C6:002F       _FFirstNode
 0F77:007B       _filelength
 1118:078F       _Fill
 1BCC:04DD       _FillHandle
 1118:0B68       _FillLines
 1BCC:0160       _FillPtr
 1286:0A4E       _FillVideoPage
 0CAD:0AA4       _FindAud36Entry
 0CAD:0A1C       _FindAudEntry
 1B3B:0614       _FindDirEntry
 1B3B:0682       _FindDirEntryMap
 023D:027C       _FindKey
 09C0:2008       _FindNode
 1700:053A       _FindPatchEntry
 1700:0418       _FindResEntry
 0D8C:0522       _FindSync36Entry
 0F77:00FF       _firstfile
 05C6:0008       _FIsFirstNode
 09C0:202A       _FixupHeader
 05C6:0039       _FLastNode
 0EAC:0022       _FlushKeyboard
 05C6:016E       _FMoveToFront
 05C6:0044       _FNextNode
 05C6:0067       _FPrevNode
 1D5A:33A4       _frameRate
 026B:071C       _Free32KEMS
 1BCC:0241       _FreeHeap
 1BCC:0645       _FreeHunk
 1D5A:1FF2       _freeList
 1D5A:26A0       _gameRestarted
 1D5A:0E46       _gameStarted
 1D5A:339E       _gameVerStamp
 026B:06B4       _Get32KEMS
 1118:045D       _GetAbsXY
 0CAD:0BA0       _GetAudQCnt
 1118:03D9       _GetByte
 1286:0654       _GetCelHigh
 1286:000C       _GetCelPointer
 1286:06BB       _GetCelRect
 1286:0632       _GetCelWide
 1286:0675       _GetCelXOff
 1286:0698       _GetCelYOff
 1118:1248       _GetCLUT
 16D2:02AE       _GetCurDevice
 10BE:053F       _GetCursorData
 0F77:00AB       _getcwd
 09C0:0A7E       _GetDataInc
 16D2:0269       _GetDevice
 1700:091C       _GetDigit36
 14F4:009E       _GetDispatchAddr
 14F4:00B2       _GetDispatchAddrInHeap
 14F4:0084       _GetDispatchAddrInHeapFromC
 14F4:00FF       _GetDispatchAddrInHunk
 16D2:02DC       _GetExecDir
 0BD0:0004       _GetFarData
 0BD0:00AC       _GetFarStr
 0BD0:00FB       _GetFarText
 10BE:019D       _GetFont
 1BCC:03C7       _GetHandle
 1AB7:02E2       _GetHighest
 0FD8:0000       _GetLanguage
 1AB7:019E       _GetLongest
 1118:042D       _GetMedXY
 0EAC:004B       _GetModifiers
 0E57:0202       _GetNewScaleFactors
 14F4:010D       _GetNewScript
 1286:0730       _GetNumCels
 1286:071C       _GetNumLoops
 1118:0F80       _GetOutputPage
 0674:0000       _getpath
 10BE:0186       _GetPointSize
 14F4:01DD       _GetPropAddr
 14F4:0132       _GetProperty
 1700:0460       _GetResHandle
 05DF:04F3       _GetSaveLength
 1118:0F16       _GetSegment
 1118:03F0       _GetShortXY
 09C0:0A68       _GetSignal
 09C0:0A72       _GetSignalRset
 09C0:0A88       _GetSMPTE
 0451:02CA       _GetSoundResType
 10BE:0534       _GetTheRect
 0E57:0008       _get_line_incs
 1D5A:2000       _globalVar
 1D5A:261A       _handleBase
 0EAC:0095       _HandleEvent
 1BCC:0676       _HandleLocked
 1BCC:065D       _HandleSize
 1D5A:0460       _haveMouse
 1D5A:2616       _heapAvail
 1D5A:2618       _heapBase
 1118:04F3       _HLine
 0FF8:011A       _HndlMouse
 0451:0AC9       _HoldSnd
 09C0:0953       _HoldSound
 1D5A:2614       _hunkAvail
 1BCC:06DB       _hunkcpy
 1D5A:34AC       _id
 09C0:047C       _Init
 0CAD:000E       _InitAudioDriver
 0CAD:0628       _InitCDAudioDriver
 0ED1:0000       _InitDialog
 1118:125C       _InitDisplay
 0E00:000C       _InitErrMsgs
 01B0:0006       _InitEvent
 1118:0C0C       _InitGraph
 1BCC:004D       _InitHandle
 1BCC:000C       _InitHeap
 1BCC:0074       _InitMem
 1BB2:000E       _InitMenu
 1355:052A       _InitPalette
 1700:059E       _InitPatches
 101A:0008       _InitPicture
 1B3B:000E       _InitResource
 01EE:0008       _InitScripts
 0451:04B2       _InitSnd
 0451:000A       _InitSoundDriver
 00C3:0006       _InitWindow
 10BE:0492       _InRect
 1355:0A4D       _InsertPalette
 0FF8:0006       _InstallMouse
 0FA1:0000       _InstallServer
 1D5A:34A0       _interpVerStamp
 14F4:0366       _InvokeMethod
 1D5A:1FF6       _ip
 1D5A:0E44       _isDebugVersion
 00B6:0002       _islower
 146E:00B1       _IsObject
 005F:0262       _IsPrintStr
 00B6:004B       _isupper
 00A0:00CC       _itoa
 1D5A:33B0       _joyDriver
 1D5A:3170       _joyHandle
 1D5A:34BA       _joystick
 0EAC:007B       _JoystickDriver
 17E6:16EC       _KAbs
 17E6:1647       _KAddAfter
 1BB2:0156       _KAddMenu
 17E6:1682       _KAddToEnd
 17E6:1666       _KAddToFront
 17E6:146B       _KAddToPic
 17E6:0757       _KAnimate
 17E6:000A       _KAssertPalette
 17E6:0A28       _KATan
 17E6:1C3D       _KAvoidPath
 0541:000A       _KBaseSetter
 1D5A:2636       _kbdDriver
 1D5A:34AA       _kbdHandle
 17E6:0F61       _KCantBeHere
 0CAD:0511       _KCDAudio
 17E6:0F38       _KCelHigh
 17E6:0F0F       _KCelWide
 16D2:0033       _KCheckFreeSpace
 05DF:0426       _KCheckSaveGame
 17E6:173A       _KClone
 17E6:1AF3       _KCoordPri
 17E6:09F5       _KCosDiv
 17E6:098F       _KCosMult
 17E6:2AD5       _KDbugStr
 17E6:16B7       _KDeleteKey
 16D2:01A9       _KDeviceInfo
 0541:00F4       _KDirLoop
 17E6:0A47       _KDisplay
 17E6:1787       _KDisposeClone
 17E6:1551       _KDisposeList
 01EE:04DC       _KDisposeScript
 17E6:120D       _KDisposeWindow
 0CAD:02CE       _KDoAudio
 0541:0658       _KDoAvoider
 0541:0402       _KDoBresen
 0451:030B       _KDoSound
 0D8C:000C       _KDoSync
 17E6:12B7       _KDrawCel
 17E6:1238       _KDrawControl
 1BB2:0167       _KDrawMenuBar
 17E6:05A7       _KDrawPic
 1BB2:0054       _KDrawStatus
 17E6:1ADB       _KDummy
 17E6:1266       _KEditControl
 17E6:15F5       _KEmptyList
 1D5A:10BA       _kernelDispTbl
 1D5A:12DE       _kernelMax
 1D5A:27A4       _keyboard
 0EAC:0038       _KeyboardDriver
 17E6:210B       _KFileIO
 17E6:169E       _KFindKey
 17E6:15C0       _KFirstNode
 17E6:1B9C       _KFlushResources
 17E6:186E       _KFormat
 0445:00AB       _KGameIsRestarting
 17E6:087A       _KGetAngle
 17E6:1ADC       _KGetCWD
 17E6:08AF       _KGetDistance
 17E6:0D45       _KGetEvent
 0BD0:00E0       _KGetFarText
 1BB2:0189       _KGetMenu
 17E6:10C2       _KGetPort
 05DF:041F       _KGetSaveDir
 05DF:07B3       _KGetSaveFiles
 17E6:0D90       _KGetTime
 17E6:127F       _KGlobalToLocal
 1118:0F94       _KGraph
 17E6:0D3E       _KHaveMouse
 17E6:1253       _KHiliteControl
 0451:0141       _KillAllSounds
 1118:150B       _KillPalServer
 0451:061C       _KillSnd
 0541:01A8       _KInitBresen
 14B3:0206       _KInspectObj
 17E6:0EC6       _KIsItSkip
 17E6:19A4       _KIsObject
 01B0:03AB       _KJoystick
 17E6:15DA       _KLastNode
 17E6:1F5C       _KListOps
 17E6:00F0       _KLoad
 17E6:129B       _KLocalToGlobal
 17E6:01FA       _KLock
 01B0:02A1       _KMapKeyToDir
 17E6:2060       _KMemory
 17E6:179A       _KMemoryInfo
 17E6:1BBA       _KMemorySegment
 1BB2:019A       _KMenuSelect
 17E6:1E27       _KMergePoly
 0BE7:0002       _KMessage
 17E6:1525       _KNewList
 17E6:1594       _KNewNode
 17E6:116F       _KNewWindow
 17E6:1615       _KNextNode
 17E6:1636       _KNodeValue
 17E6:0DEA       _KNumCels
 17E6:0DB2       _KNumLoops
 17E6:1056       _KOnControl
 1355:058F       _KPalette
 17E6:257B       _KPalVary
 17E6:06D7       _KPicNotValid
 0E54:000E       _KPlatform
 17E6:0D8F       _KPlayBack
 17E6:1625       _KPrevNode
 14B3:0216       _KProfiler
 17E6:1484       _KRandom
 17E6:1724       _KReadNumber
 17E6:0D8E       _KRecord
 17E6:2AE9       _KRemapColors
 17E6:0035       _KResCheck
 17E6:19BA       _KRespondsTo
 0445:000E       _KRestartGame
 05DF:01A8       _KRestoreGame
 05DF:0051       _KSaveGame
 17E6:17FF       _KScriptID
 17E6:0266       _KSetCursor
 14B3:0222       _KSetDebug
 0541:065A       _KSetJump
 1BB2:0178       _KSetMenu
 17E6:0E32       _KSetNowSeen
 17E6:10DB       _KSetPort
 17E6:2ABA       _KSetQuitStr
 17E6:29B2       _KSetVideoMode
 17E6:1B21       _KShakeScreen
 17E6:1B7D       _KShiftScreen
 17E6:06F0       _KShow
 14B3:0232       _KShowFree
 17E6:28EF       _KShowMovie
 14B3:023E       _KShowSends
 17E6:09C2       _KSinDiv
 17E6:095C       _KSinMult
 17E6:2438       _KSort
 17E6:1702       _KSqrt
 14F4:03C4       _KStackUsage
 17E6:1B49       _KStrAt
 17E6:1AC1       _KStrCat
 17E6:19D3       _KStrCmp
 17E6:1A1D       _KStrCpy
 17E6:1A9C       _KStrEnd
 17E6:1A07       _KStrLen
 1AB7:0004       _KTextColors
 1AB7:0040       _KTextFonts
 17E6:0729       _KTextSize
 17E6:01AA       _KUnLoad
 16D2:00E0       _KValidPath
 17E6:1822       _KWait
 1D5A:0418       _language
 1BCC:0610       _LargestHandle
 1BCC:0220       _LargestPtr
 1D5A:201A       _lastCast
 1D5A:33B3       _lastTextColor
 1D5A:34C0       _lastTextFont
 0438:0076       _LCGRandom
 1D5A:011A       _lcgSeed
 1118:0738       _Line
 1118:108D       _LoadBits
 142C:03F3       _LoadCelCount
 146E:019E       _LoadClassTbl
 142C:01AF       _LoadFrame
 1700:04C0       _LoadHandle
 1D5A:349C       _loadList
 1D5A:12E0       _loadLow
 142C:0362       _LoadMoviePalette
 146E:0154       _LoadPropOffsets
 1B3B:01A1       _LoadResMap
 01EE:003B       _LoadScript
 1D5A:2002       _localVar
 1BCC:068D       _LockHandle
 14A7:0094       _longjmp
 1D5A:33AC       _loop
 1D5A:34F0       _lowData
 1D5A:34A6       _lowDataSize
 002A:0002       _lseek
 1D5A:12E2       _magCursorFlag
 1D5A:34B2       _magPicNum
 1793:0006       _main
 148D:000C       _MakeCommandLineArgs
 1D5A:035C       _makeComment
 1D5A:0322       _makeDate
 05DF:002D       _MakeDirName
 05DF:0006       _MakeFileName
 1D5A:0340       _makeLocation
 1700:07F8       _MakeName36
 01B0:027B       _MakeNullEvent
 1D5A:0338       _maker
 1D5A:032E       _makeTime
 01B0:02DE       _MapKeyToDir
 09C0:0588       _MasterVol
 1D5A:0094       _maxHunkUsed
 1BCC:0296       _memcpy
 1D5A:26A2       _memorySegment
 1D5A:34B0       _menuPort
 1D5A:2EC4       _menuPortStruc
 0674:13A0       _MergePolygons
 14F4:0357       _Messager
 0451:0D5B       _MidiSend
 1D5A:0092       _minHunkSize
 1D5A:0A58       _mirrored
 1D5A:3398       _module
 0E82:00DE       _MonoClear
 0E82:00B8       _MonoInit
 0E82:00F7       _MonoNewline
 0E82:0116       _MonoScroll
 0E82:0024       _MonoStr
 1D5A:041A       _mouseIsDebug
 1D5A:0464       _mouseX
 1D5A:0462       _mouseY
 1118:127C       _MoveCursor
 10BE:0472       _MoveRect
 023D:0220       _MoveToEnd
 023D:0162       _MoveToFront
 1D5A:33AE       _movieDir
 1D5A:34F4       _movieOn
 09C0:095D       _MuteSound
 0F77:0253       _MyCritErrorHandler
 1BCC:04BE       _NeedHandle
 1BCC:0136       _NeedPtr
 14F4:0131       _NeedRetOpcode
 1D5A:2032       _newPalette
 1D5A:339C       _newRect
 1D5A:34F6       _newRoomNum
 0F77:011E       _nextfile
 0D8C:0619       _NextSync
 14B3:0308       _NoDebugError
 1D5A:12E4       _noShowBits
 09C0:1BBC       _NoteOff
 09C0:1C0A       _NoteOn
 1D5A:33B2       _noun
 0FAD:01A1       _NullInterrupt
 1D5A:066C       _NumberColors
 1D5A:2010       _numClasses
 1D5A:0E40       _numHandles
 1D5A:200A       _object
 1D5A:0704       _objectOffset
 1D5A:3328       _objOfs
 01B0:0350       _ObjToEvent
 10BE:0447       _OffsetPoint
 1118:16E9       _OldSetPalette
 1118:1184       _OnControl
 148D:00F8       _onexit
 0050:002E       _open
 1D5A:0EBA       _opTbl
 1BCC:0374       _PackHandles
 1D5A:2EC0       _pageStatus
 1118:16C6       _PaletteCheck
 1D5A:2026       _paletteDir
 1D5A:33A8       _paletteHandle
 1D5A:2024       _palettePercent
 1D5A:202C       _paletteRes
 1118:14FE       _PaletteServer
 1118:14CC       _PaletteShell
 1D5A:202A       _paletteStop
 1D5A:2028       _paletteTime
 1118:151F       _PaletteUpdate
 1355:0AF9       _PalMatch
 1D5A:2034       _palServerSignal
 1D5A:12E6       _palStamp
 1D5A:2022       _palVaryOn
 1D5A:2023       _palVaryPause
 0E00:00DB       _Panic
 0E00:034C       _PanicMsgOutput
 1D5A:25C2       _panicStr
 1D5A:2006       _parmVar
 09C0:1978       _ParseNode
 1D5A:27A8       _patchDir
 09C0:045E       _PatchReq
 0451:0A48       _PauseSnd
 09C0:08C7       _PauseSound
 1D5A:0678       _pcSeg
 1D5A:2634       _pCursorNum
 10BE:014A       _PenColor
 14B3:028F       _PError
 1D5A:0474       _picNotValid
 1D5A:046C       _picRect
 1D5A:34B8       _picWind
 09C0:1E25       _PitchBend
 140D:000C       _pkExplode
 140D:0058       _pkImplode
 140D:00C3       _pkImplode2Mem
 1D5A:02AA       _playingNum
 09C0:0000       _PlayList
 1D5A:02A8       _playPtr
 0451:0671       _PlaySnd
 09C0:05EA       _PlaySound
 14E4:000C       _PMachine
 1D5A:0E52       _pmCode
 1D5A:0E54       _pmCodeSegment
 1D5A:1FF8       _pmsp
 1118:128E       _PointToCel
 0EAC:0059       _PollJoystick
 0EAC:0008       _PollKeyboard
 09C0:1C7C       _PolyAfterTch
 101A:044C       _PriBands
 101A:0416       _PriCoord
 09C0:04C0       _ProcessSounds
 09C0:1DAF       _ProgramChange
 1D5A:0E3C       _pspSeg
 1D5A:1FFC       _pStack
 1D5A:1FFE       _pStackEnd
 0674:216C       _ptIntr
 1BCC:026B       _PtrSize
 1700:0384       _PurgeLast
 0000:0000       _puts
 0D8C:01A2       _QueueSync
 0D8C:039A       _QueueSync36
 14F4:022D       _QuickMessage
 1D5A:24C2       _quitStr
 0E00:009B       _RAlert
 10BE:0159       _RBackColor
 00C3:0084       _RBeginUpdate
 10BE:02F9       _RCharWidth
 00C3:0873       _RCopyRect
 14F4:03B7       _RDebugger
 00C3:069B       _RDisposeWindow
 10BE:0360       _RDrawChar
 1AB7:065B       _RDrawText
 00C3:04A1       _RDrawWindow
 0050:0046       _read
 0159:000E       _ReadConfigFile
 0F77:0025       _ReadDos
 0E00:02BA       _ReadErrMsg
 0F77:0008       _readfar
 1BCC:05C6       _ReallocateHandle
 1BCC:01E7       _ReallocatePtr
 02DE:128E       _ReAnimate
 1D5A:33A2       _rectIndex
 01EE:00BE       _ReloadScript
 1BCC:02BA       _RelocateHunk
 1355:0171       _RemapByPercent
 1D5A:0A56       _remapDepth
 1D5A:0A52       _remapOn
 1D5A:0D7A       _remapPercent
 1D5A:0D7E       _remapPercentGray
 1D5A:0712       _remapTable
 1355:0202       _RemapToGray
 1355:02BB       _RemapToPercentGray
 00C3:0851       _REmptyRect
 0F77:028A       _rename
 00C3:00CB       _REndUpdate
 10BE:0204       _REraseRect
 1B3B:0216       _ResCheck
 1B3B:02A4       _ResCheck36
 0F77:01A0       _ResetDisk
 01EE:03AC       _ResetHunk
 0FAD:006F       _ResetInterrupts
 0FAD:00E1       _ResetTimerInt
 1700:0008       _ResLoad
 1700:02E0       _ResLock
 1333:0094       _ResName
 1333:0000       _ResNameMake
 1333:002A       _ResNameMakeWildCard
 1333:0051       _ResNameMatch
 1D5A:0E58       _resourceCursorType
 14B3:0251       _Resources
 146E:00D2       _RespondsTo
 1D5A:2008       _restArgs
 1D5A:3480       _restartBuf
 1BCC:0280       _RestartHeap
 0451:01EF       _RestoreAllSounds
 1118:0DF7       _RestoreBits
 09C0:04E4       _RestoreSound
 1D5A:2039       _restrict
 1D5A:2037       _restrictRecPtr
 1D5A:0B60       _resTypes
 1700:021A       _ResUnLoad
 1BCC:0516       _ReturnHandle
 01B0:01B9       _REventAvail
 1D5A:2020       _reverbDefault
 005F:01F8       _reverse
 1118:000E       _RFillRect
 01B0:0192       _RFlushEvents
 00C3:072B       _RFrameRect
 00C3:0192       _RFrontWindow
 0F77:01A5       _RGetFreeSpace
 0FDD:000C       _RGetMouse
 01B0:0114       _RGetNextEvent
 10BE:00F0       _RGetPort
 00C3:0080       _RGetWmgrPort
 0ED1:0779       _RGlobalToLocal
 1118:1077       _RHideCursor
 0ED1:01C1       _RHiliteControl
 10BE:0453       _RInsetRect
 10BE:01B7       _RInvertRect
 1286:090F       _RIsItSkip
 0ED1:0799       _RLocalToGlobal
 10BE:0135       _RMove
 10BE:0120       _RMoveTo
 1BCC:0403       _RNewHandle
 1BCC:00BD       _RNewPtr
 00C3:01FB       _RNewWindow
 10BE:041C       _ROffsetRect
 10BE:003D       _ROpenPort
 1333:00A5       _ROpenResFile
 10BE:01E5       _RPaintRect
 10BE:0168       _RPenMode
 01B0:0235       _RPostEvent
 00C3:0916       _RPtInRect
 00C3:094D       _RPtToAngle
 10BE:04CC       _RSectRect
 00C3:01A6       _RSelectWindow
 1118:1309       _RSetCursor
 1355:090D       _RSetDanPalette
 10BE:000E       _RSetFont
 10BE:0108       _RSetOrigin
 1355:098E       _RSetPalette
 10BE:00FD       _RSetPort
 00C3:0829       _RSetRect
 1118:1083       _RShowCursor
 01B0:021D       _RStillDown
 1AB7:05E0       _RStringWidth
 1AB7:03EE       _RTextBox
 10BE:0177       _RTextFace
 1AB7:007D       _RTextSize
 10BE:0223       _RTextWidth
 1D5A:047E       _rThePort
 0FA1:00C3       _RTickCount
 00C3:088C       _RUnionRect
 142C:0004       _RunMovie
 09C0:0040       _SampleList
 1118:0CAB       _SaveBits
 1D5A:0168       _saveDir
 1D5A:2041       _saveEnd
 1BCC:0279       _SaveHeap
 1D5A:339A       _savelen
 1D5A:1FE0       _saveStart
 0C79:00E3       _ScaledCos
 1286:03F1       _ScaledLine
 1286:04BC       _ScaleDraw
 1286:05E8       _ScaleDrawCel
 0C79:000C       _ScaledSin
 09C0:1FF0       _ScaleVolume
 0059:0004       _sci_fgets
 1D5A:200C       _scriptHandle
 1D5A:1FE8       _scriptList
 01EE:0011       _ScriptPtr
 0CAD:0805       _SelectAudio
 09C0:0B4A       _SendContrlr
 09C0:0AA9       _SendNoteOff
 09C0:0AFA       _SendNoteOn
 09C0:0C78       _SendPBend
 09C0:0C28       _SendPChange
 1D5A:3396       _sequ
 1D5A:22CA       _servers
 0E00:0089       _SetAlertProc
 0CAD:04C7       _SetAudParms
 1118:16E0       _SetBrSize
 1118:1227       _SetCLUT
 1118:0277       _SetCLUTPalette
 1118:030A       _SetColor
 1118:0326       _SetControl
 10BE:0577       _SetCursorData
 14B3:025D       _SetDebug
 0FAD:00CB       _SetDisneyInt
 1118:04A3       _SetFastDot
 0FAD:000C       _SetInterrupts
 14A7:0077       _setjmp
 1118:0BC8       _SetMaps
 0FF8:00AC       _SetMouse
 142C:03CB       _SetMoviePalette
 1286:0771       _SetNewDim
 1118:0F6F       _SetOutputPage
 1355:0893       _SetPalIntensity
 10BE:018E       _SetPointSize
 1118:0267       _SetPriBands
 1118:0314       _SetPriority
 1118:0267       _SetPriTable
 14F4:0186       _SetProperty
 1700:0538       _SetResCursor
 1355:08D7       _SetResPalette
 09C0:059F       _SetReverb
 0451:0BD4       _SetSndLoop
 0451:0B48       _SetSndPri
 0451:0AFA       _SetSndVol
 0FAD:00A3       _SetTimerInt
 1286:0AAA       _SetupVMap
 1286:0A68       _SetVideoMode
 1D5A:02A2       _sfxVolFd
 1118:1397       _ShakeScreen
 1118:13B0       _ShiftScreen
 1118:0F24       _ShowBits
 10BE:0386       _ShowChar
 1D5A:0478       _showMap
 1286:0A7D       _ShowPage
 101A:0009       _ShowPic
 14B3:024E       _ShowSends
 1AB7:0630       _ShowString
 1D5A:0476       _showStyle
 1AB7:07E8       _ShowText
 10BE:0466       _SInsetRect
 14B3:000A       _SizedWindow
 1118:0BF3       _SizeRect
 09C0:1FB3       _SkipMidi
 10BE:0435       _SOffsetRect
 1D5A:2632       _soundDriver
 1D5A:201C       _soundList
 1D5A:0166       _soundOn
 09C0:04D9       _SoundOn
 09C0:18F5       _SoundServer
 0000:0034       _sprintf
 0438:000A       _sqrt
 1D5A:0E3E       _stackBase
 1BCC:0733       _StackLeft
 1D5A:0E4C       _stampFlag1
 1D5A:0E4E       _stampFlag2
 1D5A:0E50       _stampFlag3
 1286:016A       _StandardLine
 14A7:000A       _Start
 1D5A:202E       _startPalette
 0D8C:0136       _StartSync
 0D8C:0233       _StartSync36
 1118:108E       _StdChar
 0451:0924       _StopSnd
 0D8C:0717       _StopSync
 005F:0120       _strbcat
 005F:00B6       _strcat
 005F:0396       _strchr
 005F:0176       _strcmp
 005F:002A       _strcpy
 005F:0092       _strdup
 005F:000A       _strlen
 005F:0236       _strlwr
 005F:00EE       _strncat
 005F:01AA       _strncmp
 005F:0054       _strncpy
 005F:03C8       _strstr
 005F:029A       _strtrn
 1355:03AC       _SubmitPalette
 0451:0498       _SuspendSounds
 09C0:1E9F       _SysEx
 1D5A:27BC       _sysPalette
 1D5A:22C6       _sysTicks
 0FAD:025C       _SysTime
 1D5A:2030       _targetPalette
 1D5A:2004       _tempVar
 09C0:04A1       _Terminate
 0451:0130       _TermSndDrv
 1D5A:263A       _textColors
 1D5A:33B4       _textFonts
 1D5A:3326       _theCelNum
 1D5A:068E       _theFont
 1D5A:347C       _theGame
 1D5A:269E       _theLoopNum
 1D5A:34C4       _theMagCursorData
 1D5A:1FF4       _theMenuBar
 1D5A:3172       _thePCursor
 1D5A:04A2       _theRect
 1D5A:2000       _theVars
 1D5A:34AE       _theViewNum
 1D5A:2016       _thisIP
 1D5A:2014       _thisScript
 0FAD:00F9       _TimerIntHandler
 14B3:026D       _ToggleDebug
 1D5A:0E42       _trackResUse
 00A0:0102       _ultoa
 0F77:0066       _unlink
 1118:0EB8       _UnloadBits
 1BCC:06A2       _UnlockHandle
 0451:0C32       _UpdateCues
 1D5A:008A       _useAltResMem
 1D5A:0088       _useMouse
 1D5A:331D       _verb
 1D5A:0352       _version
 1D5A:0E48       _verStamp
 1D5A:34EE       _videoDriver
 1118:0509       _VLine
 1D5A:2EF0       _vm_deltaxs
 1D5A:317C       _vm_deltays
 0E57:00C5       _vm_size
 1D5A:0676       _vSeg
 0000:005A       _vsprintf
 1D5A:0E6A       _where
 1D5A:0E69       _whereDisk
 1D5A:1FEE       _windowList
 1D5A:003E       _winTitleBackColor
 1D5A:0040       _winTitleTextColor
 1D5A:1FEC       _wmgrPort
 1D5A:04AC       _wordBits
 1D5A:33AA       _workPalette
 0050:0060       _write
 14A7:00AE       _WriteChar
 0F77:0049       _WriteDos
 14B3:027C       _WriteResUse
 1D5A:34B4       _wSelect
 1D5A:330C       _xCel
 1D5A:036D       _xlate
 1D5A:041E       _xms
 0000:9876  Abs  __acrtused
 002A:0024       __aFldiv
 002A:00C0       __aFlmul
 002A:00F4       __aFlshl
 002A:0100       __aFNaldiv
 002A:0124       __aFNalmul
 002A:0148       __aFNauldiv
 002A:0124       __aFNaulmul
 002A:016C       __aFNaulshr
 002A:0206       __aFuldiv
 002A:00C0       __aFulmul
 002A:018E       __aFulrem
 002A:01FA       __aFulshr
 0FAD:0258       __cli
 0000:0000  Abs  __setargv__
 0FAD:025A       __sti
 00B6:007C       __tolower
 00B6:00B5       __toupper

  Address         Publics by Value

 0000:0000       _puts
 0000:0000  Abs  __setargv__
 0000:0034       _sprintf
 0000:005A       _vsprintf
 002A:0002       _lseek
 002A:0024       __aFldiv
 002A:00C0       __aFulmul
 002A:00C0       __aFlmul
 002A:00F4       __aFlshl
 002A:0100       __aFNaldiv
 002A:0124       __aFNaulmul
 002A:0124       __aFNalmul
 002A:0148       __aFNauldiv
 002A:016C       __aFNaulshr
 002A:018E       __aFulrem
 002A:01FA       __aFulshr
 002A:0206       __aFuldiv
 0050:0008       _ClearDosError
 0050:0016       _creat
 0050:002E       _open
 0050:0046       _read
 0050:0060       _write
 0050:007A       _close
 0059:0004       _sci_fgets
 005F:000A       _strlen
 005F:002A       _strcpy
 005F:0054       _strncpy
 005F:0092       _strdup
 005F:00B6       _strcat
 005F:00EE       _strncat
 005F:0120       _strbcat
 005F:0176       _strcmp
 005F:01AA       _strncmp
 005F:01F8       _reverse
 005F:0236       _strlwr
 005F:0262       _IsPrintStr
 005F:029A       _strtrn
 005F:0396       _strchr
 005F:03C8       _strstr
 00A0:000C       _atoi
 00A0:00CC       _itoa
 00A0:0102       _ultoa
 00B6:0002       _islower
 00B6:004B       _isupper
 00B6:007C       __tolower
 00B6:00B5       __toupper
 00C3:0006       _InitWindow
 00C3:0073       _EndWindow
 00C3:0080       _RGetWmgrPort
 00C3:0084       _RBeginUpdate
 00C3:00CB       _REndUpdate
 00C3:0192       _RFrontWindow
 00C3:01A6       _RSelectWindow
 00C3:01FB       _RNewWindow
 00C3:04A1       _RDrawWindow
 00C3:069B       _RDisposeWindow
 00C3:072B       _RFrameRect
 00C3:07B0       _CenterRect
 00C3:0829       _RSetRect
 00C3:0851       _REmptyRect
 00C3:0873       _RCopyRect
 00C3:088C       _RUnionRect
 00C3:0916       _RPtInRect
 00C3:094D       _RPtToAngle
 0159:000E       _ReadConfigFile
 01B0:0006       _InitEvent
 01B0:00DF       _EndEvent
 01B0:0114       _RGetNextEvent
 01B0:0192       _RFlushEvents
 01B0:01B9       _REventAvail
 01B0:021D       _RStillDown
 01B0:0235       _RPostEvent
 01B0:027B       _MakeNullEvent
 01B0:02A1       _KMapKeyToDir
 01B0:02DE       _MapKeyToDir
 01B0:02F5       _EventToObj
 01B0:0350       _ObjToEvent
 01B0:03AB       _KJoystick
 01EE:0008       _InitScripts
 01EE:0011       _ScriptPtr
 01EE:003B       _LoadScript
 01EE:00BE       _ReloadScript
 01EE:02C9       _DisposeAllScripts
 01EE:02EB       _DisposeScript
 01EE:03AC       _ResetHunk
 01EE:04DC       _KDisposeScript
 023D:000A       _DeleteNode
 023D:0050       _AddAfter
 023D:00AA       _AddBefore
 023D:0106       _AddToFront
 023D:0162       _MoveToFront
 023D:01C2       _AddToEnd
 023D:0220       _MoveToEnd
 023D:027C       _FindKey
 023D:02B6       _DeleteKey
 026B:0002       _AltResMemInit
 026B:005C       _AltResMemAlloc
 026B:00E0       _AltResMemRead
 026B:01C2       _AltResMemWrite
 026B:03D4       _AltResMemFree
 026B:03FC       _AltResMemDebugPrefix
 026B:0418       _AltResMemDebugSummary
 026B:057C       _AltResMemDebugKey
 026B:05DE       _AltResMemTerm
 026B:06B4       _Get32KEMS
 026B:071C       _Free32KEMS
 02DE:0006       _Animate
 02DE:098C       _AddToPic
 02DE:0C70       _DisposeLastCast
 02DE:128E       _ReAnimate
 041E:0000       _ARMAllocPageMap
 041E:0036       _ARMAlloc
 041E:00A9       _ARMCopy
 041E:0116       _ARMFree
 041E:0141       _ARMMemAvail
 041E:0151       _ARMCritical
 041E:0155       _ARMFreePageMap
 0438:000A       _sqrt
 0438:0076       _LCGRandom
 0438:00CF       _abs
 0445:000E       _KRestartGame
 0445:00AB       _KGameIsRestarting
 0451:000A       _InitSoundDriver
 0451:0130       _TermSndDrv
 0451:0141       _KillAllSounds
 0451:01EF       _RestoreAllSounds
 0451:02CA       _GetSoundResType
 0451:030B       _KDoSound
 0451:0498       _SuspendSounds
 0451:04B2       _InitSnd
 0451:061C       _KillSnd
 0451:0671       _PlaySnd
 0451:0924       _StopSnd
 0451:0A48       _PauseSnd
 0451:0A87       _FadeSnd
 0451:0AC9       _HoldSnd
 0451:0AFA       _SetSndVol
 0451:0B48       _SetSndPri
 0451:0BD4       _SetSndLoop
 0451:0C32       _UpdateCues
 0451:0D5B       _MidiSend
 0451:0E56       _ChangeSndState
 0541:000A       _KBaseSetter
 0541:00F4       _KDirLoop
 0541:01A8       _KInitBresen
 0541:0402       _KDoBresen
 0541:0658       _KDoAvoider
 0541:065A       _KSetJump
 05C6:0008       _FIsFirstNode
 05C6:002F       _FFirstNode
 05C6:0039       _FLastNode
 05C6:0044       _FNextNode
 05C6:0067       _FPrevNode
 05C6:0089       _FAddToFront
 05C6:00EE       _FDeleteNode
 05C6:016E       _FMoveToFront
 05DF:0006       _MakeFileName
 05DF:002D       _MakeDirName
 05DF:0051       _KSaveGame
 05DF:01A8       _KRestoreGame
 05DF:041F       _KGetSaveDir
 05DF:0426       _KCheckSaveGame
 05DF:04F3       _GetSaveLength
 05DF:07B3       _KGetSaveFiles
 0674:0000       _getpath
 0674:13A0       _MergePolygons
 0674:216C       _ptIntr
 0000:9876  Abs  __acrtused
 09C0:0000       _PlayList
 09C0:0040       _SampleList
 09C0:0121       _ChList
 09C0:0207       _DoSound
 09C0:026E       _DispatchC
 09C0:045E       _PatchReq
 09C0:047C       _Init
 09C0:04A1       _Terminate
 09C0:04C0       _ProcessSounds
 09C0:04D9       _SoundOn
 09C0:04E4       _RestoreSound
 09C0:0588       _MasterVol
 09C0:059F       _SetReverb
 09C0:05EA       _PlaySound
 09C0:08BD       _EndSound
 09C0:08C7       _PauseSound
 09C0:092F       _FadeSound
 09C0:0953       _HoldSound
 09C0:095D       _MuteSound
 09C0:099A       _ChangeVol
 09C0:09AA       _ChangePri
 09C0:0A68       _GetSignal
 09C0:0A72       _GetSignalRset
 09C0:0A7E       _GetDataInc
 09C0:0A88       _GetSMPTE
 09C0:0AA9       _SendNoteOff
 09C0:0AFA       _SendNoteOn
 09C0:0B4A       _SendContrlr
 09C0:0C28       _SendPChange
 09C0:0C78       _SendPBend
 09C0:0CDE       _DoEnd
 09C0:0D52       _DoChannelList
 09C0:1711       _DoFade
 09C0:17D1       _DoChangeVol
 09C0:18AD       _DoVolRequests
 09C0:18F5       _SoundServer
 09C0:1978       _ParseNode
 09C0:1BBC       _NoteOff
 09C0:1C0A       _NoteOn
 09C0:1C7C       _PolyAfterTch
 09C0:1CAD       _Controller
 09C0:1DAF       _ProgramChange
 09C0:1E01       _ChnlAfterTch
 09C0:1E25       _PitchBend
 09C0:1E9F       _SysEx
 09C0:1EA3       _ControlChnl
 09C0:1FB3       _SkipMidi
 09C0:1FF0       _ScaleVolume
 09C0:2008       _FindNode
 09C0:202A       _FixupHeader
 0BD0:0004       _GetFarData
 0BD0:00AC       _GetFarStr
 0BD0:00E0       _KGetFarText
 0BD0:00FB       _GetFarText
 0BE7:0002       _KMessage
 0C79:000C       _ScaledSin
 0C79:00E3       _ScaledCos
 0C79:0155       _ATan
 0CAD:000E       _InitAudioDriver
 0CAD:0257       _EndAudio
 0CAD:02CE       _KDoAudio
 0CAD:04C7       _SetAudParms
 0CAD:0511       _KCDAudio
 0CAD:057A       _CDAudioPlay
 0CAD:060E       _CDAudioLoc
 0CAD:0628       _InitCDAudioDriver
 0CAD:06FB       _EndCDAudio
 0CAD:0733       _AudioWPlay
 0CAD:0743       _AudioPlay
 0CAD:0753       _AudioStop
 0CAD:0763       _AudioPause
 0CAD:0797       _AudioResume
 0CAD:07AE       _AudioLoc
 0CAD:07C8       _AudioRate
 0CAD:07E8       _AudioVol
 0CAD:0805       _SelectAudio
 0CAD:0A1C       _FindAudEntry
 0CAD:0AA4       _FindAud36Entry
 0CAD:0BA0       _GetAudQCnt
 0CAD:0BAE       _AudARMInit
 0CAD:0BDB       _AudARMTerm
 0CAD:0BEC       _AudARMRead
 0CAD:0C59       _AudARMWrite
 0D86:000F       _AudioDrv
 0D86:0028       _AudioServer
 0D86:0053       _CDAudioDrv
 0D8C:000C       _KDoSync
 0D8C:0136       _StartSync
 0D8C:01A2       _QueueSync
 0D8C:0233       _StartSync36
 0D8C:039A       _QueueSync36
 0D8C:0522       _FindSync36Entry
 0D8C:0619       _NextSync
 0D8C:0717       _StopSync
 0E00:000C       _InitErrMsgs
 0E00:0089       _SetAlertProc
 0E00:009B       _RAlert
 0E00:00DB       _Panic
 0E00:0155       _DoPanic
 0E00:016C       _DoAlert
 0E00:02BA       _ReadErrMsg
 0E00:034C       _PanicMsgOutput
 0E54:000E       _KPlatform
 0E57:0008       _get_line_incs
 0E57:00C5       _vm_size
 0E57:0202       _GetNewScaleFactors
 0E82:0006       _DoXlate
 0E82:0024       _MonoStr
 0E82:00B8       _MonoInit
 0E82:00DE       _MonoClear
 0E82:00F7       _MonoNewline
 0E82:0116       _MonoScroll
 0E96:0006       _EMSDetect
 0E96:0063       _EMSAlloc
 0E96:007E       _EMSMapPage
 0E96:0096       _EMSGetPageFrame
 0E96:009D       _EMSFree
 0EAC:0008       _PollKeyboard
 0EAC:0022       _FlushKeyboard
 0EAC:0038       _KeyboardDriver
 0EAC:004B       _GetModifiers
 0EAC:0059       _PollJoystick
 0EAC:007B       _JoystickDriver
 0EAC:0095       _HandleEvent
 0ED1:0000       _InitDialog
 0ED1:003D       _DrawCursor
 0ED1:00B7       _EraseCursor
 0ED1:0121       _EditControl
 0ED1:01C1       _RHiliteControl
 0ED1:0219       _DrawControl
 0ED1:0779       _RGlobalToLocal
 0ED1:0799       _RLocalToGlobal
 0ED1:083D       _EditText
 0F77:0008       _readfar
 0F77:0025       _ReadDos
 0F77:0049       _WriteDos
 0F77:0066       _unlink
 0F77:007B       _filelength
 0F77:00AB       _getcwd
 0F77:00FF       _firstfile
 0F77:011E       _nextfile
 0F77:0137       _existsdriveAB
 0F77:015F       _existdrive
 0F77:01A0       _ResetDisk
 0F77:01A5       _RGetFreeSpace
 0F77:01E1       _Exists
 0F77:0253       _MyCritErrorHandler
 0F77:026B       _drivecheck
 0F77:028A       _rename
 0FA1:0000       _InstallServer
 0FA1:0081       _DisposeServer
 0FA1:00C3       _RTickCount
 0FAD:000C       _SetInterrupts
 0FAD:006F       _ResetInterrupts
 0FAD:00A3       _SetTimerInt
 0FAD:00CB       _SetDisneyInt
 0FAD:00E1       _ResetTimerInt
 0FAD:00F9       _TimerIntHandler
 0FAD:01A1       _NullInterrupt
 0FAD:01A2       _BreakExitHandler
 0FAD:01AD       _CritErrorHandler
 0FAD:0258       __cli
 0FAD:025A       __sti
 0FAD:025C       _SysTime
 0FD8:0000       _GetLanguage
 0FDD:000C       _RGetMouse
 0FDD:0035       _CurMouse
 0FF8:0006       _InstallMouse
 0FF8:009B       _DisposeMouse
 0FF8:00AC       _SetMouse
 0FF8:011A       _HndlMouse
 101A:0008       _InitPicture
 101A:0009       _ShowPic
 101A:03FC       _CoordPri
 101A:0416       _PriCoord
 101A:044C       _PriBands
 10BE:000E       _RSetFont
 10BE:003D       _ROpenPort
 10BE:00A1       _CInitGraph
 10BE:00F0       _RGetPort
 10BE:00FD       _RSetPort
 10BE:0108       _RSetOrigin
 10BE:0120       _RMoveTo
 10BE:0135       _RMove
 10BE:014A       _PenColor
 10BE:0159       _RBackColor
 10BE:0168       _RPenMode
 10BE:0177       _RTextFace
 10BE:0186       _GetPointSize
 10BE:018E       _SetPointSize
 10BE:019D       _GetFont
 10BE:01A5       _CEndGraph
 10BE:01B7       _RInvertRect
 10BE:01E5       _RPaintRect
 10BE:0204       _REraseRect
 10BE:0223       _RTextWidth
 10BE:02F9       _RCharWidth
 10BE:032C       _CharHeight
 10BE:0360       _RDrawChar
 10BE:0386       _ShowChar
 10BE:03E1       _ClearChar
 10BE:041C       _ROffsetRect
 10BE:0435       _SOffsetRect
 10BE:0447       _OffsetPoint
 10BE:0453       _RInsetRect
 10BE:0466       _SInsetRect
 10BE:0472       _MoveRect
 10BE:0492       _InRect
 10BE:04AF       _CSectRect
 10BE:04CC       _RSectRect
 10BE:0534       _GetTheRect
 10BE:053F       _GetCursorData
 10BE:0577       _SetCursorData
 1118:000E       _RFillRect
 1118:0133       _ClearScreen
 1118:014F       _DrawPic
 1118:0267       _SetPriTable
 1118:0267       _SetPriBands
 1118:0277       _SetCLUTPalette
 1118:0299       _DoBitMap
 1118:029B       _DoCel
 1118:030A       _SetColor
 1118:0314       _SetPriority
 1118:0326       _SetControl
 1118:0330       _ClearColor
 1118:0338       _ClearPriority
 1118:0340       _ClearControl
 1118:0348       _DoShortLine
 1118:0375       _DoMedLine
 1118:03A2       _DoAbsLine
 1118:03C6       _DoAbsFill
 1118:03D9       _GetByte
 1118:03F0       _GetShortXY
 1118:042D       _GetMedXY
 1118:045D       _GetAbsXY
 1118:04A3       _SetFastDot
 1118:04AE       _DoDot
 1118:04F3       _HLine
 1118:0509       _VLine
 1118:056B       _DLine
 1118:0738       _Line
 1118:078F       _Fill
 1118:0B68       _FillLines
 1118:0BC8       _SetMaps
 1118:0BF3       _SizeRect
 1118:0C0C       _InitGraph
 1118:0C92       _EndGraph
 1118:0CAB       _SaveBits
 1118:0DF7       _RestoreBits
 1118:0EB8       _UnloadBits
 1118:0F16       _GetSegment
 1118:0F24       _ShowBits
 1118:0F6F       _SetOutputPage
 1118:0F80       _GetOutputPage
 1118:0F8A       _ClearPagedScreens
 1118:0F94       _KGraph
 1118:1077       _RHideCursor
 1118:1083       _RShowCursor
 1118:108D       _LoadBits
 1118:108E       _StdChar
 1118:1184       _OnControl
 1118:1227       _SetCLUT
 1118:1248       _GetCLUT
 1118:125C       _InitDisplay
 1118:126B       _EndDisplay
 1118:127C       _MoveCursor
 1118:128E       _PointToCel
 1118:12D8       _Expand
 1118:1309       _RSetCursor
 1118:1397       _ShakeScreen
 1118:13B0       _ShiftScreen
 1118:144B       _ColorFade
 1118:144C       _FastMatch
 1118:14CC       _PaletteShell
 1118:14FE       _PaletteServer
 1118:150B       _KillPalServer
 1118:151F       _PaletteUpdate
 1118:16C6       _PaletteCheck
 1118:16DD       _DoShortBrush
 1118:16E0       _SetBrSize
 1118:16E3       _DoAbsBrush
 1118:16E6       _DoMedBrush
 1118:16E9       _OldSetPalette
 1286:000C       _GetCelPointer
 1286:0089       _BuildLine
 1286:00F8       _BuildMirroredLine
 1286:016A       _StandardLine
 1286:020D       _EatLine
 1286:0250       _DrawSetup
 1286:0350       _DrawCelZ
 1286:03F1       _ScaledLine
 1286:04BC       _ScaleDraw
 1286:056E       _DrawPicCel
 1286:0599       _DrawCel
 1286:05E8       _ScaleDrawCel
 1286:0632       _GetCelWide
 1286:0654       _GetCelHigh
 1286:0675       _GetCelXOff
 1286:0698       _GetCelYOff
 1286:06BB       _GetCelRect
 1286:071C       _GetNumLoops
 1286:0730       _GetNumCels
 1286:0771       _SetNewDim
 1286:07AB       _DrawMagCursor
 1286:090F       _RIsItSkip
 1286:0987       _AssertViewPalette
 1286:0A28       _DisplayBlock
 1286:0A4E       _FillVideoPage
 1286:0A68       _SetVideoMode
 1286:0A7D       _ShowPage
 1286:0A92       _CopyPage
 1286:0AAA       _SetupVMap
 1333:0000       _ResNameMake
 1333:002A       _ResNameMakeWildCard
 1333:0051       _ResNameMatch
 1333:0094       _ResName
 1333:00A5       _ROpenResFile
 1333:0112       _addSlash
 1355:0004       _CopyNew2OldPalette
 1355:0171       _RemapByPercent
 1355:0202       _RemapToGray
 1355:02BB       _RemapToPercentGray
 1355:03AC       _SubmitPalette
 1355:052A       _InitPalette
 1355:058F       _KPalette
 1355:0893       _SetPalIntensity
 1355:08D7       _SetResPalette
 1355:090D       _RSetDanPalette
 1355:098E       _RSetPalette
 1355:0A4D       _InsertPalette
 1355:0AF9       _PalMatch
 140D:000C       _pkExplode
 140D:0058       _pkImplode
 140D:00C3       _pkImplode2Mem
 142C:0004       _RunMovie
 142C:01AF       _LoadFrame
 142C:0362       _LoadMoviePalette
 142C:03CB       _SetMoviePalette
 142C:03F3       _LoadCelCount
 146E:000C       _Clone
 146E:0077       _DisposeClone
 146E:00B1       _IsObject
 146E:00D2       _RespondsTo
 146E:0154       _LoadPropOffsets
 146E:019E       _LoadClassTbl
 148D:000C       _MakeCommandLineArgs
 148D:00F8       _onexit
 148D:011E       _exit
 14A7:000A       _Start
 14A7:0077       _setjmp
 14A7:0094       _longjmp
 14A7:00AE       _WriteChar
 14A7:00BD       _ExitFromC
 14B3:000A       _SizedWindow
 14B3:007D       _DebugWindow
 14B3:01D8       _ArgNameRead
 14B3:01F6       _Debug
 14B3:0206       _KInspectObj
 14B3:0216       _KProfiler
 14B3:0222       _KSetDebug
 14B3:0232       _KShowFree
 14B3:023E       _KShowSends
 14B3:024E       _ShowSends
 14B3:0251       _Resources
 14B3:025D       _SetDebug
 14B3:026D       _ToggleDebug
 14B3:027C       _WriteResUse
 14B3:028C       _CheckHunkUse
 14B3:028F       _PError
 14B3:0308       _NoDebugError
 14E4:000C       _PMachine
 14F4:000A       _Dispatch
 14F4:004C       _DoCall
 14F4:0084       _GetDispatchAddrInHeapFromC
 14F4:009E       _GetDispatchAddr
 14F4:00B2       _GetDispatchAddrInHeap
 14F4:00FF       _GetDispatchAddrInHunk
 14F4:010D       _GetNewScript
 14F4:0131       _NeedRetOpcode
 14F4:0132       _GetProperty
 14F4:0186       _SetProperty
 14F4:01DD       _GetPropAddr
 14F4:022D       _QuickMessage
 14F4:0357       _Messager
 14F4:0366       _InvokeMethod
 14F4:03B6       _DebugInit
 14F4:03B7       _RDebugger
 14F4:03C4       _KStackUsage
 14F4:03DC       _ExecuteCode
 16D2:0002       _CleanDir
 16D2:0033       _KCheckFreeSpace
 16D2:00E0       _KValidPath
 16D2:01A9       _KDeviceInfo
 16D2:0269       _GetDevice
 16D2:02AE       _GetCurDevice
 16D2:02CF       _ExitThroughDebug
 16D2:02DC       _GetExecDir
 1700:0008       _ResLoad
 1700:021A       _ResUnLoad
 1700:02E0       _ResLock
 1700:0384       _PurgeLast
 1700:0418       _FindResEntry
 1700:0460       _GetResHandle
 1700:04C0       _LoadHandle
 1700:0538       _SetResCursor
 1700:053A       _FindPatchEntry
 1700:059E       _InitPatches
 1700:07F8       _MakeName36
 1700:0892       _ConvBase36
 1700:091C       _GetDigit36
 1793:0006       _main
 17E6:000A       _KAssertPalette
 17E6:0035       _KResCheck
 17E6:00F0       _KLoad
 17E6:01AA       _KUnLoad
 17E6:01FA       _KLock
 17E6:0266       _KSetCursor
 17E6:05A7       _KDrawPic
 17E6:06D7       _KPicNotValid
 17E6:06F0       _KShow
 17E6:0729       _KTextSize
 17E6:0757       _KAnimate
 17E6:087A       _KGetAngle
 17E6:08AF       _KGetDistance
 17E6:095C       _KSinMult
 17E6:098F       _KCosMult
 17E6:09C2       _KSinDiv
 17E6:09F5       _KCosDiv
 17E6:0A28       _KATan
 17E6:0A47       _KDisplay
 17E6:0D3E       _KHaveMouse
 17E6:0D45       _KGetEvent
 17E6:0D8E       _KRecord
 17E6:0D8F       _KPlayBack
 17E6:0D90       _KGetTime
 17E6:0DB2       _KNumLoops
 17E6:0DEA       _KNumCels
 17E6:0E32       _KSetNowSeen
 17E6:0EC6       _KIsItSkip
 17E6:0F0F       _KCelWide
 17E6:0F38       _KCelHigh
 17E6:0F61       _KCantBeHere
 17E6:1056       _KOnControl
 17E6:10C2       _KGetPort
 17E6:10DB       _KSetPort
 17E6:116F       _KNewWindow
 17E6:120D       _KDisposeWindow
 17E6:1238       _KDrawControl
 17E6:1253       _KHiliteControl
 17E6:1266       _KEditControl
 17E6:127F       _KGlobalToLocal
 17E6:129B       _KLocalToGlobal
 17E6:12B7       _KDrawCel
 17E6:146B       _KAddToPic
 17E6:1484       _KRandom
 17E6:1525       _KNewList
 17E6:1551       _KDisposeList
 17E6:1594       _KNewNode
 17E6:15C0       _KFirstNode
 17E6:15DA       _KLastNode
 17E6:15F5       _KEmptyList
 17E6:1615       _KNextNode
 17E6:1625       _KPrevNode
 17E6:1636       _KNodeValue
 17E6:1647       _KAddAfter
 17E6:1666       _KAddToFront
 17E6:1682       _KAddToEnd
 17E6:169E       _KFindKey
 17E6:16B7       _KDeleteKey
 17E6:16EC       _KAbs
 17E6:1702       _KSqrt
 17E6:1724       _KReadNumber
 17E6:173A       _KClone
 17E6:1787       _KDisposeClone
 17E6:179A       _KMemoryInfo
 17E6:17FF       _KScriptID
 17E6:1822       _KWait
 17E6:186E       _KFormat
 17E6:19A4       _KIsObject
 17E6:19BA       _KRespondsTo
 17E6:19D3       _KStrCmp
 17E6:1A07       _KStrLen
 17E6:1A1D       _KStrCpy
 17E6:1A9C       _KStrEnd
 17E6:1AC1       _KStrCat
 17E6:1ADB       _KDummy
 17E6:1ADC       _KGetCWD
 17E6:1AF3       _KCoordPri
 17E6:1B21       _KShakeScreen
 17E6:1B49       _KStrAt
 17E6:1B7D       _KShiftScreen
 17E6:1B9C       _KFlushResources
 17E6:1BBA       _KMemorySegment
 17E6:1C3D       _KAvoidPath
 17E6:1E27       _KMergePoly
 17E6:1F5C       _KListOps
 17E6:2060       _KMemory
 17E6:210B       _KFileIO
 17E6:23C7       _bsort
 17E6:2438       _KSort
 17E6:257B       _KPalVary
 17E6:28EF       _KShowMovie
 17E6:29B2       _KSetVideoMode
 17E6:2ABA       _KSetQuitStr
 17E6:2AD5       _KDbugStr
 17E6:2AE9       _KRemapColors
 1AB7:0004       _KTextColors
 1AB7:0040       _KTextFonts
 1AB7:007D       _RTextSize
 1AB7:019E       _GetLongest
 1AB7:02E2       _GetHighest
 1AB7:03EE       _RTextBox
 1AB7:05E0       _RStringWidth
 1AB7:0605       _DrawString
 1AB7:0630       _ShowString
 1AB7:065B       _RDrawText
 1AB7:07E8       _ShowText
 1B3B:000E       _InitResource
 1B3B:01A1       _LoadResMap
 1B3B:0216       _ResCheck
 1B3B:02A4       _ResCheck36
 1B3B:0382       _DoLoad
 1B3B:0614       _FindDirEntry
 1B3B:0682       _FindDirEntryMap
 1BB2:000E       _InitMenu
 1BB2:0054       _KDrawStatus
 1BB2:0156       _KAddMenu
 1BB2:0167       _KDrawMenuBar
 1BB2:0178       _KSetMenu
 1BB2:0189       _KGetMenu
 1BB2:019A       _KMenuSelect
 1BCC:000C       _InitHeap
 1BCC:004D       _InitHandle
 1BCC:0074       _InitMem
 1BCC:00BD       _RNewPtr
 1BCC:0136       _NeedPtr
 1BCC:0160       _FillPtr
 1BCC:0179       _ClearPtr
 1BCC:018B       _DisposePtr
 1BCC:01E7       _ReallocatePtr
 1BCC:0220       _LargestPtr
 1BCC:0241       _FreeHeap
 1BCC:026B       _PtrSize
 1BCC:0279       _SaveHeap
 1BCC:0280       _RestartHeap
 1BCC:0296       _memcpy
 1BCC:02BA       _RelocateHunk
 1BCC:0374       _PackHandles
 1BCC:03C7       _GetHandle
 1BCC:0403       _RNewHandle
 1BCC:04BE       _NeedHandle
 1BCC:04DD       _FillHandle
 1BCC:0504       _ClearHandle
 1BCC:0516       _ReturnHandle
 1BCC:0527       _DisposeHandle
 1BCC:0546       _DisposeHunk
 1BCC:05C6       _ReallocateHandle
 1BCC:0610       _LargestHandle
 1BCC:0645       _FreeHunk
 1BCC:065D       _HandleSize
 1BCC:0676       _HandleLocked
 1BCC:068D       _LockHandle
 1BCC:06A2       _UnlockHandle
 1BCC:06B7       _CriticalHandle
 1BCC:06DB       _hunkcpy
 1BCC:06F8       _CopyHandle
 1BCC:0733       _StackLeft
 1BCC:073A       _FarMemcpy
 1C41:04C9       IMPLODE
 1C41:0D0B       EXPLODE
 1D5A:003E       _winTitleBackColor
 1D5A:0040       _winTitleTextColor
 1D5A:0088       _useMouse
 1D5A:008A       _useAltResMem
 1D5A:008C       _audBuffKSize
 1D5A:008E       _audioIRQ
 1D5A:0090       _audioDMA
 1D5A:0092       _minHunkSize
 1D5A:0094       _maxHunkUsed
 1D5A:00D6       _armTypes
 1D5A:011A       _lcgSeed
 1D5A:0166       _soundOn
 1D5A:0168       _saveDir
 1D5A:029C       _audioRdy
 1D5A:029E       _audFd
 1D5A:02A0       _audVolFd
 1D5A:02A2       _sfxVolFd
 1D5A:02A4       _audioDrv
 1D5A:02A6       _cdaudioDrv
 1D5A:02A8       _playPtr
 1D5A:02AA       _playingNum
 1D5A:02AC       _audQndx
 1D5A:02AE       _audARMPtr
 1D5A:02B0       _audARMHandle
 1D5A:02EA       _alertProc
 1D5A:0322       _makeDate
 1D5A:032E       _makeTime
 1D5A:0338       _maker
 1D5A:0340       _makeLocation
 1D5A:0352       _version
 1D5A:035C       _makeComment
 1D5A:036D       _xlate
 1D5A:0374       _ems
 1D5A:03DC       _extMem
 1D5A:040C       _criticalError
 1D5A:0412       _diskIOCritical
 1D5A:0418       _language
 1D5A:041A       _mouseIsDebug
 1D5A:041C       _buttonState
 1D5A:041E       _xms
 1D5A:0460       _haveMouse
 1D5A:0462       _mouseY
 1D5A:0464       _mouseX
 1D5A:046C       _picRect
 1D5A:0474       _picNotValid
 1D5A:0476       _showStyle
 1D5A:0478       _showMap
 1D5A:047A       _Display
 1D5A:047E       _rThePort
 1D5A:04A2       _theRect
 1D5A:04AC       _wordBits
 1D5A:04CC       _bounds
 1D5A:04DC       _baseTable
 1D5A:066C       _NumberColors
 1D5A:0676       _vSeg
 1D5A:0678       _pcSeg
 1D5A:068E       _theFont
 1D5A:0704       _objectOffset
 1D5A:0712       _remapTable
 1D5A:0A52       _remapOn
 1D5A:0A56       _remapDepth
 1D5A:0A58       _mirrored
 1D5A:0A5A       _decodeError
 1D5A:0B60       _resTypes
 1D5A:0D7A       _remapPercent
 1D5A:0D7E       _remapPercentGray
 1D5A:0E26       _argv
 1D5A:0E3A       _argc
 1D5A:0E3C       _pspSeg
 1D5A:0E3E       _stackBase
 1D5A:0E40       _numHandles
 1D5A:0E42       _trackResUse
 1D5A:0E44       _isDebugVersion
 1D5A:0E46       _gameStarted
 1D5A:0E48       _verStamp
 1D5A:0E4C       _stampFlag1
 1D5A:0E4E       _stampFlag2
 1D5A:0E50       _stampFlag3
 1D5A:0E52       _pmCode
 1D5A:0E54       _pmCodeSegment
 1D5A:0E56       _checkingLoadLinks
 1D5A:0E58       _resourceCursorType
 1D5A:0E69       _whereDisk
 1D5A:0E6A       _where
 1D5A:0EBA       _opTbl
 1D5A:10BA       _kernelDispTbl
 1D5A:12DE       _kernelMax
 1D5A:12E0       _loadLow
 1D5A:12E2       _magCursorFlag
 1D5A:12E4       _noShowBits
 1D5A:12E6       _palStamp
 1D5A:1FE0       _evHead
 1D5A:1FE0       _saveStart
 1D5A:1FE2       _evTail
 1D5A:1FE4       _evQueue
 1D5A:1FE6       _evQueueEnd
 1D5A:1FE8       _scriptList
 1D5A:1FEC       _wmgrPort
 1D5A:1FEE       _windowList
 1D5A:1FF2       _freeList
 1D5A:1FF4       _theMenuBar
 1D5A:1FF6       _ip
 1D5A:1FF8       _pmsp
 1D5A:1FFA       _acc
 1D5A:1FFC       _pStack
 1D5A:1FFE       _pStackEnd
 1D5A:2000       _globalVar
 1D5A:2000       _theVars
 1D5A:2002       _localVar
 1D5A:2004       _tempVar
 1D5A:2006       _parmVar
 1D5A:2008       _restArgs
 1D5A:200A       _object
 1D5A:200C       _scriptHandle
 1D5A:200E       _classTbl
 1D5A:2010       _numClasses
 1D5A:2012       _defaultES
 1D5A:2014       _thisScript
 1D5A:2016       _thisIP
 1D5A:201A       _lastCast
 1D5A:201C       _soundList
 1D5A:2020       _reverbDefault
 1D5A:2022       _palVaryOn
 1D5A:2023       _palVaryPause
 1D5A:2024       _palettePercent
 1D5A:2026       _paletteDir
 1D5A:2028       _paletteTime
 1D5A:202A       _paletteStop
 1D5A:202C       _paletteRes
 1D5A:202E       _startPalette
 1D5A:2030       _targetPalette
 1D5A:2032       _newPalette
 1D5A:2034       _palServerSignal
 1D5A:2036       _currentVideoMode
 1D5A:2037       _restrictRecPtr
 1D5A:2039       _restrict
 1D5A:2041       _saveEnd
 1D5A:22C6       _sysTicks
 1D5A:22CA       _servers
 1D5A:24C2       _quitStr
 1D5A:24C2       _bssStart
 1D5A:2542       _commandLine
 1D5A:25C2       _panicStr
 1D5A:2614       _hunkAvail
 1D5A:2616       _heapAvail
 1D5A:2618       _heapBase
 1D5A:261A       _handleBase
 1D5A:2630       _audNone
 1D5A:2632       _soundDriver
 1D5A:2634       _pCursorNum
 1D5A:2636       _kbdDriver
 1D5A:2638       _currentPage
 1D5A:263A       _textColors
 1D5A:269E       _theLoopNum
 1D5A:26A0       _gameRestarted
 1D5A:26A2       _memorySegment
 1D5A:27A4       _keyboard
 1D5A:27A8       _patchDir
 1D5A:27BC       _sysPalette
 1D5A:2EC0       _pageStatus
 1D5A:2EC4       _menuPortStruc
 1D5A:2EE6       _dataInfo
 1D5A:2EF0       _vm_deltaxs
 1D5A:3170       _joyHandle
 1D5A:3172       _thePCursor
 1D5A:317C       _vm_deltays
 1D5A:330C       _xCel
 1D5A:331D       _verb
 1D5A:331E       _cond
 1D5A:3320       _dcompBuffer
 1D5A:3322       _bytesBuffered
 1D5A:3326       _theCelNum
 1D5A:3328       _objOfs
 1D5A:3396       _sequ
 1D5A:3398       _module
 1D5A:339A       _savelen
 1D5A:339C       _newRect
 1D5A:339E       _gameVerStamp
 1D5A:33A2       _rectIndex
 1D5A:33A4       _frameRate
 1D5A:33A8       _paletteHandle
 1D5A:33AA       _workPalette
 1D5A:33AC       _loop
 1D5A:33AE       _movieDir
 1D5A:33B0       _joyDriver
 1D5A:33B2       _noun
 1D5A:33B3       _lastTextColor
 1D5A:33B4       _textFonts
 1D5A:347C       _theGame
 1D5A:347E       _audVolDrive
 1D5A:3480       _restartBuf
 1D5A:349C       _loadList
 1D5A:34A0       _interpVerStamp
 1D5A:34A4       _audARMROffset
 1D5A:34A6       _lowDataSize
 1D5A:34A8       _audARMWOffset
 1D5A:34AA       _kbdHandle
 1D5A:34AC       _id
 1D5A:34AE       _theViewNum
 1D5A:34B0       _menuPort
 1D5A:34B2       _magPicNum
 1D5A:34B4       _wSelect
 1D5A:34B8       _picWind
 1D5A:34BA       _joystick
 1D5A:34BE       _audARMType
 1D5A:34C0       _lastTextFont
 1D5A:34C2       _cursorData
 1D5A:34C4       _theMagCursorData
 1D5A:34DA       _audQcnt
 1D5A:34EE       _videoDriver
 1D5A:34F0       _lowData
 1D5A:34F4       _movieOn
 1D5A:34F6       _newRoomNum
 1D5A:34F8       _audioDriver
 20AA:0000       _bssEnd

Program entry point at 14A7:000A
